2025-05-20 17:14:35,591 INFO:\u2705 Login com aiosteampy feito.
2025-05-20 17:14:35,667 INFO:\U0001f50e Verificando oferta 8094772705...
2025-05-20 17:14:35,881 ERROR:\u274c Erro ao verificar 8094772705: 'TradeOffer' object has no attribute 'get'
2025-05-20 17:14:35,888 INFO:\U0001f50e Verificando oferta 8094838157...
2025-05-20 17:14:36,186 ERROR:\u274c Erro ao verificar 8094838157: 'TradeOffer' object has no attribute 'get'
2025-05-20 17:14:36,191 INFO:\U0001f50e Verificando oferta 8094864038...
2025-05-20 17:14:36,387 ERROR:\u274c Erro ao verificar 8094864038: 'TradeOffer' object has no attribute 'get'
2025-05-20 17:14:36,394 INFO:\U0001f50e Verificando oferta 8094990148...
2025-05-20 17:14:36,581 ERROR:\u274c Erro ao verificar 8094990148: 'TradeOffer' object has no attribute 'get'
2025-05-20 17:14:36,585 INFO:\U0001f50e Verificando oferta 8095024902...
2025-05-20 17:14:36,805 ERROR:\u274c Erro ao verificar 8095024902: 'TradeOffer' object has no attribute 'get'
2025-05-20 17:17:38,360 INFO:\u2705 Login com aiosteampy feito.
2025-05-20 17:17:38,424 INFO:\U0001f50e Verificando oferta 8094772705...
2025-05-20 17:17:38,616 ERROR:\u274c Erro ao verificar 8094772705: 'TradeOffer' object has no attribute 'get'
2025-05-20 17:17:38,621 INFO:\U0001f50e Verificando oferta 8094838157...
2025-05-20 17:17:38,895 ERROR:\u274c Erro ao verificar 8094838157: 'TradeOffer' object has no attribute 'get'
2025-05-20 17:17:38,900 INFO:\U0001f50e Verificando oferta 8094864038...
2025-05-20 17:17:39,100 ERROR:\u274c Erro ao verificar 8094864038: 'TradeOffer' object has no attribute 'get'
2025-05-20 17:17:39,104 INFO:\U0001f50e Verificando oferta 8094990148...
2025-05-20 17:17:39,297 ERROR:\u274c Erro ao verificar 8094990148: 'TradeOffer' object has no attribute 'get'
2025-05-20 17:17:39,301 INFO:\U0001f50e Verificando oferta 8095024902...
2025-05-20 17:17:39,615 ERROR:\u274c Erro ao verificar 8095024902: 'TradeOffer' object has no attribute 'get'
2025-05-20 17:18:32,635 ERROR:Unclosed client session
client_session: <aiohttp.client.ClientSession object at 0x0000015BE6925010>
2025-05-20 17:41:16,381 INFO:\u2705 Login com aiosteampy feito.
2025-05-20 17:41:16,551 INFO:\U0001f50e Verificando oferta 8094772705...
2025-05-20 17:41:16,776 ERROR:\u274c Erro ao verificar 8094772705: 'TradeOffer' object has no attribute 'get'
2025-05-20 17:41:16,780 INFO:\U0001f50e Verificando oferta 8094838157...
2025-05-20 17:41:16,968 ERROR:\u274c Erro ao verificar 8094838157: 'TradeOffer' object has no attribute 'get'
2025-05-20 17:41:16,971 INFO:\U0001f50e Verificando oferta 8094864038...
2025-05-20 17:41:17,234 ERROR:\u274c Erro ao verificar 8094864038: 'TradeOffer' object has no attribute 'get'
2025-05-20 17:41:17,238 INFO:\U0001f50e Verificando oferta 8094990148...
2025-05-20 17:41:17,429 ERROR:\u274c Erro ao verificar 8094990148: 'TradeOffer' object has no attribute 'get'
2025-05-20 17:41:17,433 INFO:\U0001f50e Verificando oferta 8095024902...
2025-05-20 17:41:17,640 ERROR:\u274c Erro ao verificar 8095024902: 'TradeOffer' object has no attribute 'get'
2025-05-20 17:42:17,646 ERROR:\U0001f4a5 Erro no loop principal: 'SteamClient' object has no attribute 'is_logged_in'
2025-05-20 17:43:17,647 ERROR:\U0001f4a5 Erro no loop principal: 'SteamClient' object has no attribute 'is_logged_in'
2025-05-20 17:44:17,650 ERROR:\U0001f4a5 Erro no loop principal: 'SteamClient' object has no attribute 'is_logged_in'
2025-05-20 17:45:17,665 ERROR:\U0001f4a5 Erro no loop principal: 'SteamClient' object has no attribute 'is_logged_in'
2025-05-20 17:46:17,679 ERROR:\U0001f4a5 Erro no loop principal: 'SteamClient' object has no attribute 'is_logged_in'
2025-05-20 17:47:17,685 ERROR:\U0001f4a5 Erro no loop principal: 'SteamClient' object has no attribute 'is_logged_in'
2025-05-20 17:48:17,695 ERROR:\U0001f4a5 Erro no loop principal: 'SteamClient' object has no attribute 'is_logged_in'
2025-05-20 17:49:17,700 ERROR:\U0001f4a5 Erro no loop principal: 'SteamClient' object has no attribute 'is_logged_in'
2025-05-20 17:50:17,702 ERROR:\U0001f4a5 Erro no loop principal: 'SteamClient' object has no attribute 'is_logged_in'
2025-05-20 17:51:17,704 ERROR:\U0001f4a5 Erro no loop principal: 'SteamClient' object has no attribute 'is_logged_in'
2025-05-20 17:52:17,705 ERROR:\U0001f4a5 Erro no loop principal: 'SteamClient' object has no attribute 'is_logged_in'
2025-05-20 17:53:17,707 ERROR:\U0001f4a5 Erro no loop principal: 'SteamClient' object has no attribute 'is_logged_in'
2025-05-20 17:54:17,709 ERROR:\U0001f4a5 Erro no loop principal: 'SteamClient' object has no attribute 'is_logged_in'
2025-05-20 17:55:17,711 ERROR:\U0001f4a5 Erro no loop principal: 'SteamClient' object has no attribute 'is_logged_in'
2025-05-20 17:56:03,617 ERROR:Unclosed client session
client_session: <aiohttp.client.ClientSession object at 0x000001582E1C5010>
2025-05-20 17:56:23,365 INFO:\u2705 Login com aiosteampy feito.
2025-05-20 17:56:23,627 ERROR:\u274c Erro ao verificar 8094772705: 'TradeOffer' object has no attribute 'get'
2025-05-20 17:56:23,833 ERROR:\u274c Erro ao verificar 8094838157: 'TradeOffer' object has no attribute 'get'
2025-05-20 17:56:24,025 ERROR:\u274c Erro ao verificar 8094864038: 'TradeOffer' object has no attribute 'get'
2025-05-20 17:56:24,223 ERROR:\u274c Erro ao verificar 8094990148: 'TradeOffer' object has no attribute 'get'
2025-05-20 17:56:24,434 ERROR:\u274c Erro ao verificar 8095024902: 'TradeOffer' object has no attribute 'get'
2025-05-20 17:57:24,438 ERROR:\U0001f4a5 Erro no loop principal: 'SteamClient' object has no attribute 'is_logged_in'
2025-05-20 17:58:24,446 ERROR:\U0001f4a5 Erro no loop principal: 'SteamClient' object has no attribute 'is_logged_in'
2025-05-20 17:59:24,450 ERROR:\U0001f4a5 Erro no loop principal: 'SteamClient' object has no attribute 'is_logged_in'
2025-05-20 18:00:24,453 ERROR:\U0001f4a5 Erro no loop principal: 'SteamClient' object has no attribute 'is_logged_in'
2025-05-20 18:01:24,455 ERROR:\U0001f4a5 Erro no loop principal: 'SteamClient' object has no attribute 'is_logged_in'
2025-05-20 18:02:24,459 ERROR:\U0001f4a5 Erro no loop principal: 'SteamClient' object has no attribute 'is_logged_in'
2025-05-20 18:03:24,466 ERROR:\U0001f4a5 Erro no loop principal: 'SteamClient' object has no attribute 'is_logged_in'
2025-05-20 18:04:24,474 ERROR:\U0001f4a5 Erro no loop principal: 'SteamClient' object has no attribute 'is_logged_in'
2025-05-20 18:05:24,482 ERROR:\U0001f4a5 Erro no loop principal: 'SteamClient' object has no attribute 'is_logged_in'
2025-05-21 15:03:29,905 INFO: \u2705 Login com aiosteampy feito.
2025-05-21 15:03:29,909 INFO: \U0001f300 Iniciando novo ciclo de verificação de ofertas...
2025-05-21 15:03:30,116 INFO: \U0001f50d Encontradas 5 ofertas pendentes para verificação.
2025-05-21 15:03:30,116 INFO: \U0001f50e Verificando oferta 8094772705...
2025-05-21 15:03:30,395 INFO: \U0001f4cc Oferta 8094772705 atualizada para 'recusada'.
2025-05-21 15:03:30,395 INFO: \U0001f50e Verificando oferta 8094838157...
2025-05-21 15:03:30,647 INFO: \U0001f4cc Oferta 8094838157 atualizada para 'recusada'.
2025-05-21 15:03:30,650 INFO: \U0001f50e Verificando oferta 8094864038...
2025-05-21 15:03:30,900 INFO: \U0001f4cc Oferta 8094864038 atualizada para 'recusada'.
2025-05-21 15:03:30,901 INFO: \U0001f50e Verificando oferta 8094990148...
2025-05-21 15:03:31,179 INFO: \U0001f4cc Oferta 8094990148 atualizada para 'recusada'.
2025-05-21 15:03:31,181 INFO: \U0001f50e Verificando oferta 8095024902...
2025-05-21 15:03:31,416 INFO: \U0001f4cc Oferta 8095024902 atualizada para 'recusada'.
2025-05-21 15:03:31,417 INFO: \u2705 Fim do ciclo. Aguardando 60 segundos para próxima verificação...
==================================================
2025-05-21 15:04:31,420 INFO: \U0001f300 Iniciando novo ciclo de verificação de ofertas...
2025-05-21 15:04:31,424 INFO: \U0001f50d Encontradas 0 ofertas pendentes para verificação.
2025-05-21 15:04:31,425 INFO: \u2705 Fim do ciclo. Aguardando 60 segundos para próxima verificação...
==================================================
2025-05-21 15:05:31,427 INFO: \U0001f300 Iniciando novo ciclo de verificação de ofertas...
2025-05-21 15:05:31,432 INFO: \U0001f50d Encontradas 0 ofertas pendentes para verificação.
2025-05-21 15:05:31,433 INFO: \u2705 Fim do ciclo. Aguardando 60 segundos para próxima verificação...
==================================================
2025-05-21 15:06:18,667 ERROR: Unclosed client session
client_session: <aiohttp.client.ClientSession object at 0x000002C836974D70>
2025-05-21 15:06:44,718 INFO: \u2705 Login com aiosteampy feito.
2025-05-21 15:06:44,719 INFO: \U0001f300 Iniciando novo ciclo de verificação de ofertas...
2025-05-21 15:06:44,806 INFO: \U0001f50d Encontradas 0 ofertas pendentes para verificação.
2025-05-21 15:06:44,806 INFO: \u2705 Fim do ciclo. Aguardando 60 segundos para próxima verificação...
==================================================
2025-05-21 15:07:44,807 INFO: \U0001f300 Iniciando novo ciclo de verificação de ofertas...
2025-05-21 15:07:44,811 INFO: \U0001f50d Encontradas 0 ofertas pendentes para verificação.
2025-05-21 15:07:44,813 INFO: \u2705 Fim do ciclo. Aguardando 60 segundos para próxima verificação...
==================================================
2025-05-21 15:08:44,815 INFO: \U0001f300 Iniciando novo ciclo de verificação de ofertas...
2025-05-21 15:08:44,819 INFO: \U0001f50d Encontradas 0 ofertas pendentes para verificação.
2025-05-21 15:08:44,820 INFO: \u2705 Fim do ciclo. Aguardando 60 segundos para próxima verificação...
==================================================
2025-05-21 15:09:44,822 INFO: \U0001f300 Iniciando novo ciclo de verificação de ofertas...
2025-05-21 15:09:44,826 INFO: \U0001f50d Encontradas 0 ofertas pendentes para verificação.
2025-05-21 15:09:44,827 INFO: \u2705 Fim do ciclo. Aguardando 60 segundos para próxima verificação...
==================================================
2025-05-21 15:10:44,830 INFO: \U0001f300 Iniciando novo ciclo de verificação de ofertas...
2025-05-21 15:10:44,834 INFO: \U0001f50d Encontradas 0 ofertas pendentes para verificação.
2025-05-21 15:10:44,835 INFO: \u2705 Fim do ciclo. Aguardando 60 segundos para próxima verificação...
==================================================
2025-05-21 15:11:44,838 INFO: \U0001f300 Iniciando novo ciclo de verificação de ofertas...
2025-05-21 15:11:44,842 INFO: \U0001f50d Encontradas 0 ofertas pendentes para verificação.
2025-05-21 15:11:44,843 INFO: \u2705 Fim do ciclo. Aguardando 60 segundos para próxima verificação...
==================================================
2025-05-21 15:12:44,846 INFO: \U0001f300 Iniciando novo ciclo de verificação de ofertas...
2025-05-21 15:12:44,849 INFO: \U0001f50d Encontradas 0 ofertas pendentes para verificação.
2025-05-21 15:12:44,850 INFO: \u2705 Fim do ciclo. Aguardando 60 segundos para próxima verificação...
==================================================
2025-05-21 15:13:44,853 INFO: \U0001f300 Iniciando novo ciclo de verificação de ofertas...
2025-05-21 15:13:44,857 INFO: \U0001f50d Encontradas 0 ofertas pendentes para verificação.
2025-05-21 15:13:44,858 INFO: \u2705 Fim do ciclo. Aguardando 60 segundos para próxima verificação...
==================================================
2025-05-21 15:14:44,861 INFO: \U0001f300 Iniciando novo ciclo de verificação de ofertas...
2025-05-21 15:14:44,865 INFO: \U0001f50d Encontradas 0 ofertas pendentes para verificação.
2025-05-21 15:14:44,866 INFO: \u2705 Fim do ciclo. Aguardando 60 segundos para próxima verificação...
==================================================
2025-05-21 15:15:44,869 INFO: \U0001f300 Iniciando novo ciclo de verificação de ofertas...
2025-05-21 15:15:44,873 INFO: \U0001f50d Encontradas 0 ofertas pendentes para verificação.
2025-05-21 15:15:44,873 INFO: \u2705 Fim do ciclo. Aguardando 60 segundos para próxima verificação...
==================================================
2025-05-21 15:16:44,877 INFO: \U0001f300 Iniciando novo ciclo de verificação de ofertas...
2025-05-21 15:16:44,880 INFO: \U0001f50d Encontradas 0 ofertas pendentes para verificação.
2025-05-21 15:16:44,881 INFO: \u2705 Fim do ciclo. Aguardando 60 segundos para próxima verificação...
==================================================
2025-05-21 15:17:44,884 INFO: \U0001f300 Iniciando novo ciclo de verificação de ofertas...
2025-05-21 15:17:44,885 INFO: \U0001f50d Encontradas 0 ofertas pendentes para verificação.
2025-05-21 15:17:44,886 INFO: \u2705 Fim do ciclo. Aguardando 60 segundos para próxima verificação...
==================================================
2025-05-21 15:18:18,236 ERROR: Unclosed client session
client_session: <aiohttp.client.ClientSession object at 0x0000021489A94D70>
2025-05-21 15:29:07,374 INFO: Adding job tentatively -- it will be properly scheduled when the scheduler starts
2025-05-21 15:29:07,375 INFO: Added job "tarefa_agendada" to job store "default"
2025-05-21 15:29:07,375 INFO: Scheduler started
2025-05-21 15:29:07,398 INFO: [31m[1mWARNING: This is a development server. Do not use it in a production deployment. Use a production WSGI server instead.[0m
 * Running on http://127.0.0.1:5000
2025-05-21 15:29:07,398 INFO: [33mPress CTRL+C to quit[0m
2025-05-21 15:29:07,400 INFO:  * Restarting with stat
2025-05-21 15:29:08,149 INFO: Adding job tentatively -- it will be properly scheduled when the scheduler starts
2025-05-21 15:29:08,149 INFO: Added job "tarefa_agendada" to job store "default"
2025-05-21 15:29:08,149 INFO: Scheduler started
2025-05-21 15:29:08,158 WARNING:  * Debugger is active!
2025-05-21 15:29:08,160 INFO:  * Debugger PIN: 115-492-161
2025-05-21 15:29:35,234 INFO: 127.0.0.1 - - [21/May/2025 15:29:35] "GET / HTTP/1.1" 200 -
2025-05-21 15:29:35,630 INFO: 127.0.0.1 - - [21/May/2025 15:29:35] "[33mGET /favicon.ico HTTP/1.1[0m" 404 -
2025-05-21 15:30:07,378 INFO: Running job "tarefa_agendada (trigger: interval[0:01:00], next run at: 2025-05-21 15:30:07 -03)" (scheduled at 2025-05-21 15:30:07.374231-03:00)
2025-05-21 15:30:07,379 INFO: \u23f3 Executando tarefa agendada de verificação de ofertas...
2025-05-21 15:30:08,155 INFO: Running job "tarefa_agendada (trigger: interval[0:01:00], next run at: 2025-05-21 15:30:08 -03)" (scheduled at 2025-05-21 15:30:08.148950-03:00)
2025-05-21 15:30:08,156 INFO: \u23f3 Executando tarefa agendada de verificação de ofertas...
2025-05-21 15:30:09,631 ERROR: \U0001f4a5 Erro na execução geral: 'access_token'
2025-05-21 15:30:09,631 ERROR: Unclosed client session
client_session: <aiohttp.client.ClientSession object at 0x000001C608847230>
2025-05-21 15:30:09,632 ERROR: Unclosed connector
connections: ['deque([(<aiohttp.client_proto.ResponseHandler object at 0x000001C60885C350>, 3293.3852832)])', 'deque([(<aiohttp.client_proto.ResponseHandler object at 0x000001C60885C1D0>, 3294.5162369)])']
connector: <aiohttp.connector.TCPConnector object at 0x000001C608847380>
2025-05-21 15:30:09,637 INFO: Job "tarefa_agendada (trigger: interval[0:01:00], next run at: 2025-05-21 15:31:08 -03)" executed successfully
2025-05-21 15:30:09,787 INFO: \u2705 Login efetuado com sucesso.
2025-05-21 15:30:09,964 INFO: \U0001f50d 0 ofertas pendentes encontradas.
2025-05-21 15:30:09,965 ERROR: Unclosed client session
client_session: <aiohttp.client.ClientSession object at 0x00000239F20D7770>
2025-05-21 15:30:09,966 ERROR: Unclosed connector
connections: ['deque([(<aiohttp.client_proto.ResponseHandler object at 0x00000239F2180CB0>, 3293.7854307)])', 'deque([(<aiohttp.client_proto.ResponseHandler object at 0x00000239F20E2FF0>, 3294.1504142)])', 'deque([(<aiohttp.client_proto.ResponseHandler object at 0x00000239F2180B30>, 3294.379444)])', 'deque([(<aiohttp.client_proto.ResponseHandler object at 0x00000239F2181610>, 3294.4439475)])', 'deque([(<aiohttp.client_proto.ResponseHandler object at 0x00000239F2181D30>, 3294.4961564)])', 'deque([(<aiohttp.client_proto.ResponseHandler object at 0x00000239F2181C10>, 3294.504527)])', 'deque([(<aiohttp.client_proto.ResponseHandler object at 0x00000239F2181730>, 3294.6729387)])']
connector: <aiohttp.connector.TCPConnector object at 0x00000239F20D78C0>
2025-05-21 15:30:09,967 INFO: Job "tarefa_agendada (trigger: interval[0:01:00], next run at: 2025-05-21 15:31:07 -03)" executed successfully
2025-05-21 15:31:07,389 INFO: Running job "tarefa_agendada (trigger: interval[0:01:00], next run at: 2025-05-21 15:32:07 -03)" (scheduled at 2025-05-21 15:31:07.374231-03:00)
2025-05-21 15:31:07,390 INFO: \u23f3 Executando tarefa agendada de verificação de ofertas...
2025-05-21 15:31:08,156 INFO: Running job "tarefa_agendada (trigger: interval[0:01:00], next run at: 2025-05-21 15:32:08 -03)" (scheduled at 2025-05-21 15:31:08.148950-03:00)
2025-05-21 15:31:08,157 INFO: \u23f3 Executando tarefa agendada de verificação de ofertas...
2025-05-21 15:31:09,572 ERROR: \U0001f4a5 Erro na execução geral: 'access_token'
2025-05-21 15:31:09,572 ERROR: Unclosed client session
client_session: <aiohttp.client.ClientSession object at 0x000001C608879BD0>
2025-05-21 15:31:09,573 ERROR: Unclosed connector
connections: ['deque([(<aiohttp.client_proto.ResponseHandler object at 0x000001C60885F710>, 3353.3642083)])', 'deque([(<aiohttp.client_proto.ResponseHandler object at 0x000001C60885FB30>, 3354.4572401)])']
connector: <aiohttp.connector.TCPConnector object at 0x000001C608879D10>
2025-05-21 15:31:09,577 INFO: Job "tarefa_agendada (trigger: interval[0:01:00], next run at: 2025-05-21 15:32:08 -03)" executed successfully
2025-05-21 15:31:10,042 INFO: \u2705 Login efetuado com sucesso.
2025-05-21 15:31:10,044 INFO: \U0001f50d 0 ofertas pendentes encontradas.
2025-05-21 15:31:10,044 ERROR: Unclosed client session
client_session: <aiohttp.client.ClientSession object at 0x00000239F2172850>
2025-05-21 15:31:10,045 ERROR: Unclosed connector
connections: ['deque([(<aiohttp.client_proto.ResponseHandler object at 0x00000239F20E3E30>, 3353.8764699)])', 'deque([(<aiohttp.client_proto.ResponseHandler object at 0x00000239F2183290>, 3354.2262192)])', 'deque([(<aiohttp.client_proto.ResponseHandler object at 0x00000239F20E0CB0>, 3354.5070265)])', 'deque([(<aiohttp.client_proto.ResponseHandler object at 0x00000239F2183B90>, 3354.5295924)])', 'deque([(<aiohttp.client_proto.ResponseHandler object at 0x00000239F2183FB0>, 3354.5805441)])', 'deque([(<aiohttp.client_proto.ResponseHandler object at 0x00000239F2183E90>, 3354.5989049)])', 'deque([(<aiohttp.client_proto.ResponseHandler object at 0x00000239F2183A70>, 3354.9267062)])']
connector: <aiohttp.connector.TCPConnector object at 0x00000239F2172990>
2025-05-21 15:31:10,070 INFO: Job "tarefa_agendada (trigger: interval[0:01:00], next run at: 2025-05-21 15:32:07 -03)" executed successfully
2025-05-21 15:32:07,374 INFO: Running job "tarefa_agendada (trigger: interval[0:01:00], next run at: 2025-05-21 15:33:07 -03)" (scheduled at 2025-05-21 15:32:07.374231-03:00)
2025-05-21 15:32:07,375 INFO: \u23f3 Executando tarefa agendada de verificação de ofertas...
2025-05-21 15:32:08,155 INFO: Running job "tarefa_agendada (trigger: interval[0:01:00], next run at: 2025-05-21 15:33:08 -03)" (scheduled at 2025-05-21 15:32:08.148950-03:00)
2025-05-21 15:32:08,155 INFO: \u23f3 Executando tarefa agendada de verificação de ofertas...
2025-05-21 15:32:09,693 ERROR: \U0001f4a5 Erro na execução geral: 'access_token'
2025-05-21 15:32:09,693 ERROR: Unclosed client session
client_session: <aiohttp.client.ClientSession object at 0x000001C608879950>
2025-05-21 15:32:09,694 ERROR: Unclosed connector
connections: ['deque([(<aiohttp.client_proto.ResponseHandler object at 0x000001C608918D10>, 3413.3782898)])', 'deque([(<aiohttp.client_proto.ResponseHandler object at 0x000001C60885ED50>, 3414.5788837)])']
connector: <aiohttp.connector.TCPConnector object at 0x000001C608879BD0>
2025-05-21 15:32:09,720 INFO: Job "tarefa_agendada (trigger: interval[0:01:00], next run at: 2025-05-21 15:33:08 -03)" executed successfully
2025-05-21 15:32:09,792 INFO: \u2705 Login efetuado com sucesso.
2025-05-21 15:32:09,794 INFO: \U0001f50d 0 ofertas pendentes encontradas.
2025-05-21 15:32:09,794 ERROR: Unclosed client session
client_session: <aiohttp.client.ClientSession object at 0x00000239F2173750>
2025-05-21 15:32:09,795 ERROR: Unclosed connector
connections: ['deque([(<aiohttp.client_proto.ResponseHandler object at 0x00000239F20E2D50>, 3413.8904032)])', 'deque([(<aiohttp.client_proto.ResponseHandler object at 0x00000239F2182F90>, 3414.3001131)])', 'deque([(<aiohttp.client_proto.ResponseHandler object at 0x00000239F2183A70>, 3414.5858861)])', 'deque([(<aiohttp.client_proto.ResponseHandler object at 0x00000239F20E3E30>, 3414.5910089)])', 'deque([(<aiohttp.client_proto.ResponseHandler object at 0x00000239F2183590>, 3414.6315661)])', 'deque([(<aiohttp.client_proto.ResponseHandler object at 0x00000239F2182F30>, 3414.6555255)])', 'deque([(<aiohttp.client_proto.ResponseHandler object at 0x00000239F2183230>, 3414.6778584)])']
connector: <aiohttp.connector.TCPConnector object at 0x00000239F2172850>
2025-05-21 15:32:09,797 INFO: Job "tarefa_agendada (trigger: interval[0:01:00], next run at: 2025-05-21 15:33:07 -03)" executed successfully
2025-05-21 15:33:07,377 INFO: Running job "tarefa_agendada (trigger: interval[0:01:00], next run at: 2025-05-21 15:34:07 -03)" (scheduled at 2025-05-21 15:33:07.374231-03:00)
2025-05-21 15:33:07,377 INFO: \u23f3 Executando tarefa agendada de verificação de ofertas...
2025-05-21 15:33:08,160 INFO: Running job "tarefa_agendada (trigger: interval[0:01:00], next run at: 2025-05-21 15:34:08 -03)" (scheduled at 2025-05-21 15:33:08.148950-03:00)
2025-05-21 15:33:08,161 INFO: \u23f3 Executando tarefa agendada de verificação de ofertas...
2025-05-21 15:33:09,678 ERROR: \U0001f4a5 Erro na execução geral: 'access_token'
2025-05-21 15:33:09,679 ERROR: Unclosed client session
client_session: <aiohttp.client.ClientSession object at 0x000001C6088791D0>
2025-05-21 15:33:09,680 ERROR: Unclosed connector
connections: ['deque([(<aiohttp.client_proto.ResponseHandler object at 0x000001C608919430>, 3473.4128911)])', 'deque([(<aiohttp.client_proto.ResponseHandler object at 0x000001C608919490>, 3474.5638534)])']
connector: <aiohttp.connector.TCPConnector object at 0x000001C6088EE650>
2025-05-21 15:33:09,684 INFO: Job "tarefa_agendada (trigger: interval[0:01:00], next run at: 2025-05-21 15:34:08 -03)" executed successfully
2025-05-21 15:33:09,724 INFO: \u2705 Login efetuado com sucesso.
2025-05-21 15:33:09,728 INFO: \U0001f50d 0 ofertas pendentes encontradas.
2025-05-21 15:33:09,729 ERROR: Unclosed client session
client_session: <aiohttp.client.ClientSession object at 0x00000239F2171090>
2025-05-21 15:33:09,731 ERROR: Unclosed connector
connections: ['deque([(<aiohttp.client_proto.ResponseHandler object at 0x00000239F21839B0>, 3473.8474288)])', 'deque([(<aiohttp.client_proto.ResponseHandler object at 0x00000239F2208350>, 3474.2157347)])', 'deque([(<aiohttp.client_proto.ResponseHandler object at 0x00000239F21838F0>, 3474.4721857)])', 'deque([(<aiohttp.client_proto.ResponseHandler object at 0x00000239F2208D10>, 3474.5121142)])', 'deque([(<aiohttp.client_proto.ResponseHandler object at 0x00000239F2208F50>, 3474.5638614)])', 'deque([(<aiohttp.client_proto.ResponseHandler object at 0x00000239F22089B0>, 3474.5799098)])', 'deque([(<aiohttp.client_proto.ResponseHandler object at 0x00000239F22092B0>, 3474.6090079)])']
connector: <aiohttp.connector.TCPConnector object at 0x00000239F2166D70>
2025-05-21 15:33:09,733 INFO: Job "tarefa_agendada (trigger: interval[0:01:00], next run at: 2025-05-21 15:34:07 -03)" executed successfully
2025-05-21 15:34:07,383 INFO: Running job "tarefa_agendada (trigger: interval[0:01:00], next run at: 2025-05-21 15:35:07 -03)" (scheduled at 2025-05-21 15:34:07.374231-03:00)
2025-05-21 15:34:07,384 INFO: \u23f3 Executando tarefa agendada de verificação de ofertas...
2025-05-21 15:34:08,151 INFO: Running job "tarefa_agendada (trigger: interval[0:01:00], next run at: 2025-05-21 15:35:08 -03)" (scheduled at 2025-05-21 15:34:08.148950-03:00)
2025-05-21 15:34:08,152 INFO: \u23f3 Executando tarefa agendada de verificação de ofertas...
2025-05-21 15:34:08,993 ERROR: \U0001f4a5 Erro na execução geral: 'access_token'
2025-05-21 15:34:08,993 ERROR: Unclosed client session
client_session: <aiohttp.client.ClientSession object at 0x00000239F2171090>
2025-05-21 15:34:08,994 ERROR: Unclosed connector
connections: ['deque([(<aiohttp.client_proto.ResponseHandler object at 0x00000239F2208650>, 3532.6436287)])', 'deque([(<aiohttp.client_proto.ResponseHandler object at 0x00000239F2209730>, 3533.8786472)])']
connector: <aiohttp.connector.TCPConnector object at 0x00000239F2166D70>
2025-05-21 15:34:08,998 INFO: Job "tarefa_agendada (trigger: interval[0:01:00], next run at: 2025-05-21 15:35:07 -03)" executed successfully
2025-05-21 15:34:09,316 ERROR: \U0001f4a5 Erro na execução geral: 'client_id'
2025-05-21 15:34:09,317 ERROR: Unclosed client session
client_session: <aiohttp.client.ClientSession object at 0x000001C6088791D0>
2025-05-21 15:34:09,318 ERROR: Unclosed connector
connections: ['deque([(<aiohttp.client_proto.ResponseHandler object at 0x000001C608919970>, 3533.3981408)])', 'deque([(<aiohttp.client_proto.ResponseHandler object at 0x000001C6089199D0>, 3534.2017792)])']
connector: <aiohttp.connector.TCPConnector object at 0x000001C6088EE9E0>
2025-05-21 15:34:09,321 INFO: Job "tarefa_agendada (trigger: interval[0:01:00], next run at: 2025-05-21 15:35:08 -03)" executed successfully
2025-05-21 15:35:07,381 INFO: Running job "tarefa_agendada (trigger: interval[0:01:00], next run at: 2025-05-21 15:36:07 -03)" (scheduled at 2025-05-21 15:35:07.374231-03:00)
2025-05-21 15:35:07,382 INFO: \u23f3 Executando tarefa agendada de verificação de ofertas...
2025-05-21 15:35:08,163 INFO: Running job "tarefa_agendada (trigger: interval[0:01:00], next run at: 2025-05-21 15:36:08 -03)" (scheduled at 2025-05-21 15:35:08.148950-03:00)
2025-05-21 15:35:08,164 INFO: \u23f3 Executando tarefa agendada de verificação de ofertas...
2025-05-21 15:35:08,626 ERROR: \U0001f4a5 Erro na execução geral: 'client_id'
2025-05-21 15:35:08,626 ERROR: Unclosed client session
client_session: <aiohttp.client.ClientSession object at 0x00000239F2171090>
2025-05-21 15:35:08,627 ERROR: Unclosed connector
connections: ['deque([(<aiohttp.client_proto.ResponseHandler object at 0x00000239F2209970>, 3592.6143933)])', 'deque([(<aiohttp.client_proto.ResponseHandler object at 0x00000239F2209AF0>, 3593.5119621)])']
connector: <aiohttp.connector.TCPConnector object at 0x00000239F2167490>
2025-05-21 15:35:08,630 INFO: Job "tarefa_agendada (trigger: interval[0:01:00], next run at: 2025-05-21 15:36:07 -03)" executed successfully
2025-05-21 15:35:09,177 ERROR: \U0001f4a5 Erro na execução geral: 'client_id'
2025-05-21 15:35:09,177 ERROR: Unclosed client session
client_session: <aiohttp.client.ClientSession object at 0x000001C6088791D0>
2025-05-21 15:35:09,177 ERROR: Unclosed connector
connections: ['deque([(<aiohttp.client_proto.ResponseHandler object at 0x000001C608919D90>, 3593.3965633)])', 'deque([(<aiohttp.client_proto.ResponseHandler object at 0x000001C608919F10>, 3594.0625831)])']
connector: <aiohttp.connector.TCPConnector object at 0x000001C6088EEEA0>
2025-05-21 15:35:09,178 INFO: Job "tarefa_agendada (trigger: interval[0:01:00], next run at: 2025-05-21 15:36:08 -03)" executed successfully
2025-05-21 15:36:07,377 INFO: Running job "tarefa_agendada (trigger: interval[0:01:00], next run at: 2025-05-21 15:37:07 -03)" (scheduled at 2025-05-21 15:36:07.374231-03:00)
2025-05-21 15:36:07,377 INFO: \u23f3 Executando tarefa agendada de verificação de ofertas...
2025-05-21 15:36:08,156 INFO: Running job "tarefa_agendada (trigger: interval[0:01:00], next run at: 2025-05-21 15:37:08 -03)" (scheduled at 2025-05-21 15:36:08.148950-03:00)
2025-05-21 15:36:08,156 INFO: \u23f3 Executando tarefa agendada de verificação de ofertas...
2025-05-21 15:36:08,231 ERROR: \U0001f4a5 Erro na execução geral: 'client_id'
2025-05-21 15:36:08,232 ERROR: Unclosed client session
client_session: <aiohttp.client.ClientSession object at 0x00000239F2171090>
2025-05-21 15:36:08,233 ERROR: Unclosed connector
connections: ['deque([(<aiohttp.client_proto.ResponseHandler object at 0x00000239F2209EB0>, 3652.6178448)])', 'deque([(<aiohttp.client_proto.ResponseHandler object at 0x00000239F220A030>, 3653.1169017)])']
connector: <aiohttp.connector.TCPConnector object at 0x00000239F2167100>
2025-05-21 15:36:08,237 INFO: Job "tarefa_agendada (trigger: interval[0:01:00], next run at: 2025-05-21 15:37:07 -03)" executed successfully
2025-05-21 15:36:09,033 ERROR: \U0001f4a5 Erro na execução geral: 'client_id'
2025-05-21 15:36:09,033 ERROR: Unclosed client session
client_session: <aiohttp.client.ClientSession object at 0x000001C6088791D0>
2025-05-21 15:36:09,033 ERROR: Unclosed connector
connections: ['deque([(<aiohttp.client_proto.ResponseHandler object at 0x000001C60891A2D0>, 3653.395373)])', 'deque([(<aiohttp.client_proto.ResponseHandler object at 0x000001C60891A450>, 3653.9184844)])']
connector: <aiohttp.connector.TCPConnector object at 0x000001C6088EE2C0>
2025-05-21 15:36:09,034 INFO: Job "tarefa_agendada (trigger: interval[0:01:00], next run at: 2025-05-21 15:37:08 -03)" executed successfully
2025-05-21 15:37:07,379 INFO: Running job "tarefa_agendada (trigger: interval[0:01:00], next run at: 2025-05-21 15:38:07 -03)" (scheduled at 2025-05-21 15:37:07.374231-03:00)
2025-05-21 15:37:07,379 INFO: \u23f3 Executando tarefa agendada de verificação de ofertas...
2025-05-21 15:37:08,165 INFO: Running job "tarefa_agendada (trigger: interval[0:01:00], next run at: 2025-05-21 15:38:08 -03)" (scheduled at 2025-05-21 15:37:08.148950-03:00)
2025-05-21 15:37:08,166 INFO: \u23f3 Executando tarefa agendada de verificação de ofertas...
2025-05-21 15:37:08,280 ERROR: \U0001f4a5 Erro na execução geral: 'client_id'
2025-05-21 15:37:08,280 ERROR: Unclosed client session
client_session: <aiohttp.client.ClientSession object at 0x00000239F2171090>
2025-05-21 15:37:08,280 ERROR: Unclosed connector
connections: ['deque([(<aiohttp.client_proto.ResponseHandler object at 0x00000239F220A3F0>, 3712.593294)])', 'deque([(<aiohttp.client_proto.ResponseHandler object at 0x00000239F220A570>, 3713.1654684)])']
connector: <aiohttp.connector.TCPConnector object at 0x00000239F2167360>
2025-05-21 15:37:08,281 INFO: Job "tarefa_agendada (trigger: interval[0:01:00], next run at: 2025-05-21 15:38:07 -03)" executed successfully
2025-05-21 15:37:08,900 ERROR: \U0001f4a5 Erro na execução geral: 'client_id'
2025-05-21 15:37:08,901 ERROR: Unclosed client session
client_session: <aiohttp.client.ClientSession object at 0x000001C6088791D0>
2025-05-21 15:37:08,902 ERROR: Unclosed connector
connections: ['deque([(<aiohttp.client_proto.ResponseHandler object at 0x000001C60891A810>, 3713.3158473)])', 'deque([(<aiohttp.client_proto.ResponseHandler object at 0x000001C60891A990>, 3713.7858131)])']
connector: <aiohttp.connector.TCPConnector object at 0x000001C6088EE650>
2025-05-21 15:37:08,905 INFO: Job "tarefa_agendada (trigger: interval[0:01:00], next run at: 2025-05-21 15:38:08 -03)" executed successfully
2025-05-21 15:38:07,380 INFO: Running job "tarefa_agendada (trigger: interval[0:01:00], next run at: 2025-05-21 15:39:07 -03)" (scheduled at 2025-05-21 15:38:07.374231-03:00)
2025-05-21 15:38:07,380 INFO: \u23f3 Executando tarefa agendada de verificação de ofertas...
2025-05-21 15:38:08,155 ERROR: \U0001f4a5 Erro na execução geral: 'client_id'
2025-05-21 15:38:08,155 ERROR: Unclosed client session
client_session: <aiohttp.client.ClientSession object at 0x00000239F2171090>
2025-05-21 15:38:08,156 ERROR: Unclosed connector
connections: ['deque([(<aiohttp.client_proto.ResponseHandler object at 0x00000239F220A930>, 3772.5553913)])', 'deque([(<aiohttp.client_proto.ResponseHandler object at 0x00000239F220AAB0>, 3773.0411451)])']
connector: <aiohttp.connector.TCPConnector object at 0x00000239F2166FD0>
2025-05-21 15:38:08,157 INFO: Job "tarefa_agendada (trigger: interval[0:01:00], next run at: 2025-05-21 15:39:07 -03)" executed successfully
2025-05-21 15:38:08,163 INFO: Running job "tarefa_agendada (trigger: interval[0:01:00], next run at: 2025-05-21 15:39:08 -03)" (scheduled at 2025-05-21 15:38:08.148950-03:00)
2025-05-21 15:38:08,163 INFO: \u23f3 Executando tarefa agendada de verificação de ofertas...
2025-05-21 15:38:09,048 ERROR: \U0001f4a5 Erro na execução geral: 'client_id'
2025-05-21 15:38:09,049 ERROR: Unclosed client session
client_session: <aiohttp.client.ClientSession object at 0x000001C6088791D0>
2025-05-21 15:38:09,050 ERROR: Unclosed connector
connections: ['deque([(<aiohttp.client_proto.ResponseHandler object at 0x000001C60891AD50>, 3773.3295191)])', 'deque([(<aiohttp.client_proto.ResponseHandler object at 0x000001C60891AED0>, 3773.9337656)])']
connector: <aiohttp.connector.TCPConnector object at 0x000001C6088EE190>
2025-05-21 15:38:09,053 INFO: Job "tarefa_agendada (trigger: interval[0:01:00], next run at: 2025-05-21 15:39:08 -03)" executed successfully
2025-05-21 15:39:07,379 INFO: Running job "tarefa_agendada (trigger: interval[0:01:00], next run at: 2025-05-21 15:40:07 -03)" (scheduled at 2025-05-21 15:39:07.374231-03:00)
2025-05-21 15:39:07,380 INFO: \u23f3 Executando tarefa agendada de verificação de ofertas...
2025-05-21 15:39:08,162 INFO: Running job "tarefa_agendada (trigger: interval[0:01:00], next run at: 2025-05-21 15:40:08 -03)" (scheduled at 2025-05-21 15:39:08.148950-03:00)
2025-05-21 15:39:08,163 INFO: \u23f3 Executando tarefa agendada de verificação de ofertas...
2025-05-21 15:39:08,207 ERROR: \U0001f4a5 Erro na execução geral: 'client_id'
2025-05-21 15:39:08,207 ERROR: Unclosed client session
client_session: <aiohttp.client.ClientSession object at 0x00000239F2171090>
2025-05-21 15:39:08,208 ERROR: Unclosed connector
connections: ['deque([(<aiohttp.client_proto.ResponseHandler object at 0x00000239F220AE70>, 3832.548855)])', 'deque([(<aiohttp.client_proto.ResponseHandler object at 0x00000239F220AFF0>, 3833.09304)])']
connector: <aiohttp.connector.TCPConnector object at 0x00000239F2167BB0>
2025-05-21 15:39:08,210 INFO: Job "tarefa_agendada (trigger: interval[0:01:00], next run at: 2025-05-21 15:40:07 -03)" executed successfully
2025-05-21 15:39:08,955 ERROR: \U0001f4a5 Erro na execução geral: 'client_id'
2025-05-21 15:39:08,956 ERROR: Unclosed client session
client_session: <aiohttp.client.ClientSession object at 0x000001C6088791D0>
2025-05-21 15:39:08,956 ERROR: Unclosed connector
connections: ['deque([(<aiohttp.client_proto.ResponseHandler object at 0x000001C60891AF90>, 3833.365085)])', 'deque([(<aiohttp.client_proto.ResponseHandler object at 0x000001C60885ED50>, 3833.841324)])']
connector: <aiohttp.connector.TCPConnector object at 0x000001C6088EE8B0>
2025-05-21 15:39:08,957 INFO: Job "tarefa_agendada (trigger: interval[0:01:00], next run at: 2025-05-21 15:40:08 -03)" executed successfully
2025-05-21 15:40:07,389 INFO: Running job "tarefa_agendada (trigger: interval[0:01:00], next run at: 2025-05-21 15:41:07 -03)" (scheduled at 2025-05-21 15:40:07.374231-03:00)
2025-05-21 15:40:07,389 INFO: \u23f3 Executando tarefa agendada de verificação de ofertas...
2025-05-21 15:40:08,161 INFO: Running job "tarefa_agendada (trigger: interval[0:01:00], next run at: 2025-05-21 15:41:08 -03)" (scheduled at 2025-05-21 15:40:08.148950-03:00)
2025-05-21 15:40:08,161 INFO: \u23f3 Executando tarefa agendada de verificação de ofertas...
2025-05-21 15:40:08,202 ERROR: \U0001f4a5 Erro na execução geral: 'client_id'
2025-05-21 15:40:08,203 ERROR: Unclosed client session
client_session: <aiohttp.client.ClientSession object at 0x00000239F2171090>
2025-05-21 15:40:08,204 ERROR: Unclosed connector
connections: ['deque([(<aiohttp.client_proto.ResponseHandler object at 0x00000239F220B3B0>, 3892.5863368)])', 'deque([(<aiohttp.client_proto.ResponseHandler object at 0x00000239F20E0CB0>, 3893.0876801)])']
connector: <aiohttp.connector.TCPConnector object at 0x00000239F21675C0>
2025-05-21 15:40:08,207 INFO: Job "tarefa_agendada (trigger: interval[0:01:00], next run at: 2025-05-21 15:41:07 -03)" executed successfully
2025-05-21 15:40:08,905 ERROR: \U0001f4a5 Erro na execução geral: 'client_id'
2025-05-21 15:40:08,906 ERROR: Unclosed client session
client_session: <aiohttp.client.ClientSession object at 0x000001C6088791D0>
2025-05-21 15:40:08,906 ERROR: Unclosed connector
connections: ['deque([(<aiohttp.client_proto.ResponseHandler object at 0x000001C60891AFF0>, 3893.3120948)])', 'deque([(<aiohttp.client_proto.ResponseHandler object at 0x000001C60885E9F0>, 3893.7912004)])']
connector: <aiohttp.connector.TCPConnector object at 0x000001C6088EE8B0>
2025-05-21 15:40:08,908 INFO: Job "tarefa_agendada (trigger: interval[0:01:00], next run at: 2025-05-21 15:41:08 -03)" executed successfully
2025-05-21 15:41:07,389 INFO: Running job "tarefa_agendada (trigger: interval[0:01:00], next run at: 2025-05-21 15:42:07 -03)" (scheduled at 2025-05-21 15:41:07.374231-03:00)
2025-05-21 15:41:07,389 INFO: \u23f3 Executando tarefa agendada de verificação de ofertas...
2025-05-21 15:41:08,150 INFO: Running job "tarefa_agendada (trigger: interval[0:01:00], next run at: 2025-05-21 15:42:08 -03)" (scheduled at 2025-05-21 15:41:08.148950-03:00)
2025-05-21 15:41:08,150 INFO: \u23f3 Executando tarefa agendada de verificação de ofertas...
2025-05-21 15:41:08,284 ERROR: \U0001f4a5 Erro na execução geral: 'client_id'
2025-05-21 15:41:08,284 ERROR: Unclosed client session
client_session: <aiohttp.client.ClientSession object at 0x00000239F2171090>
2025-05-21 15:41:08,284 ERROR: Unclosed connector
connections: ['deque([(<aiohttp.client_proto.ResponseHandler object at 0x00000239F2183E30>, 3952.5665047)])', 'deque([(<aiohttp.client_proto.ResponseHandler object at 0x00000239F20E3E30>, 3953.1694326)])']
connector: <aiohttp.connector.TCPConnector object at 0x00000239F21675C0>
2025-05-21 15:41:08,285 INFO: Job "tarefa_agendada (trigger: interval[0:01:00], next run at: 2025-05-21 15:42:07 -03)" executed successfully
2025-05-21 15:41:08,877 ERROR: \U0001f4a5 Erro na execução geral: 'client_id'
2025-05-21 15:41:08,878 ERROR: Unclosed client session
client_session: <aiohttp.client.ClientSession object at 0x000001C6088791D0>
2025-05-21 15:41:08,878 ERROR: Unclosed connector
connections: ['deque([(<aiohttp.client_proto.ResponseHandler object at 0x000001C60891AAB0>, 3953.289206)])', 'deque([(<aiohttp.client_proto.ResponseHandler object at 0x000001C60891ABD0>, 3953.7633854)])']
connector: <aiohttp.connector.TCPConnector object at 0x000001C6088EED70>
2025-05-21 15:41:08,879 INFO: Job "tarefa_agendada (trigger: interval[0:01:00], next run at: 2025-05-21 15:42:08 -03)" executed successfully
2025-05-21 15:42:07,390 INFO: Running job "tarefa_agendada (trigger: interval[0:01:00], next run at: 2025-05-21 15:43:07 -03)" (scheduled at 2025-05-21 15:42:07.374231-03:00)
2025-05-21 15:42:07,390 INFO: \u23f3 Executando tarefa agendada de verificação de ofertas...
2025-05-21 15:42:08,150 INFO: Running job "tarefa_agendada (trigger: interval[0:01:00], next run at: 2025-05-21 15:43:08 -03)" (scheduled at 2025-05-21 15:42:08.148950-03:00)
2025-05-21 15:42:08,150 INFO: \u23f3 Executando tarefa agendada de verificação de ofertas...
2025-05-21 15:42:08,179 ERROR: \U0001f4a5 Erro na execução geral: 'client_id'
2025-05-21 15:42:08,179 ERROR: Unclosed client session
client_session: <aiohttp.client.ClientSession object at 0x00000239F2171090>
2025-05-21 15:42:08,180 ERROR: Unclosed connector
connections: ['deque([(<aiohttp.client_proto.ResponseHandler object at 0x00000239F21836B0>, 4012.6103537)])', 'deque([(<aiohttp.client_proto.ResponseHandler object at 0x00000239F20E34D0>, 4013.0644835)])']
connector: <aiohttp.connector.TCPConnector object at 0x00000239F2167490>
2025-05-21 15:42:08,184 INFO: Job "tarefa_agendada (trigger: interval[0:01:00], next run at: 2025-05-21 15:43:07 -03)" executed successfully
2025-05-21 15:42:08,946 ERROR: \U0001f4a5 Erro na execução geral: 'client_id'
2025-05-21 15:42:08,947 ERROR: Unclosed client session
client_session: <aiohttp.client.ClientSession object at 0x000001C6088791D0>
2025-05-21 15:42:08,947 ERROR: Unclosed connector
connections: ['deque([(<aiohttp.client_proto.ResponseHandler object at 0x000001C60891A4B0>, 4013.3171198)])', 'deque([(<aiohttp.client_proto.ResponseHandler object at 0x000001C60891A690>, 4013.8323547)])']
connector: <aiohttp.connector.TCPConnector object at 0x000001C6088EDF30>
2025-05-21 15:42:08,948 INFO: Job "tarefa_agendada (trigger: interval[0:01:00], next run at: 2025-05-21 15:43:08 -03)" executed successfully
2025-05-21 15:43:07,377 INFO: Running job "tarefa_agendada (trigger: interval[0:01:00], next run at: 2025-05-21 15:44:07 -03)" (scheduled at 2025-05-21 15:43:07.374231-03:00)
2025-05-21 15:43:07,378 INFO: \u23f3 Executando tarefa agendada de verificação de ofertas...
2025-05-21 15:43:08,159 INFO: Running job "tarefa_agendada (trigger: interval[0:01:00], next run at: 2025-05-21 15:44:08 -03)" (scheduled at 2025-05-21 15:43:08.148950-03:00)
2025-05-21 15:43:08,159 INFO: \u23f3 Executando tarefa agendada de verificação de ofertas...
2025-05-21 15:43:08,193 ERROR: \U0001f4a5 Erro na execução geral: 'client_id'
2025-05-21 15:43:08,194 ERROR: Unclosed client session
client_session: <aiohttp.client.ClientSession object at 0x00000239F2171090>
2025-05-21 15:43:08,194 ERROR: Unclosed connector
connections: ['deque([(<aiohttp.client_proto.ResponseHandler object at 0x00000239F20E0590>, 4072.5710856)])', 'deque([(<aiohttp.client_proto.ResponseHandler object at 0x00000239F20E3410>, 4073.0792913)])']
connector: <aiohttp.connector.TCPConnector object at 0x00000239F2167230>
2025-05-21 15:43:08,195 INFO: Job "tarefa_agendada (trigger: interval[0:01:00], next run at: 2025-05-21 15:44:07 -03)" executed successfully
2025-05-21 15:43:08,849 ERROR: \U0001f4a5 Erro na execução geral: 'client_id'
2025-05-21 15:43:08,849 ERROR: Unclosed client session
client_session: <aiohttp.client.ClientSession object at 0x000001C6088791D0>
2025-05-21 15:43:08,850 ERROR: Unclosed connector
connections: ['deque([(<aiohttp.client_proto.ResponseHandler object at 0x000001C608919F70>, 4073.3312339)])', 'deque([(<aiohttp.client_proto.ResponseHandler object at 0x000001C608919FD0>, 4073.7344405)])']
connector: <aiohttp.connector.TCPConnector object at 0x000001C6088EE520>
2025-05-21 15:43:08,854 INFO: Job "tarefa_agendada (trigger: interval[0:01:00], next run at: 2025-05-21 15:44:08 -03)" executed successfully
2025-05-21 15:44:07,380 INFO: Running job "tarefa_agendada (trigger: interval[0:01:00], next run at: 2025-05-21 15:45:07 -03)" (scheduled at 2025-05-21 15:44:07.374231-03:00)
2025-05-21 15:44:07,380 INFO: \u23f3 Executando tarefa agendada de verificação de ofertas...
2025-05-21 15:44:08,162 INFO: Running job "tarefa_agendada (trigger: interval[0:01:00], next run at: 2025-05-21 15:45:08 -03)" (scheduled at 2025-05-21 15:44:08.148950-03:00)
2025-05-21 15:44:08,162 INFO: \u23f3 Executando tarefa agendada de verificação de ofertas...
2025-05-21 15:44:08,296 ERROR: \U0001f4a5 Erro na execução geral: 'client_id'
2025-05-21 15:44:08,297 ERROR: Unclosed client session
client_session: <aiohttp.client.ClientSession object at 0x00000239F2171090>
2025-05-21 15:44:08,298 ERROR: Unclosed connector
connections: ['deque([(<aiohttp.client_proto.ResponseHandler object at 0x00000239F2183EF0>, 4132.5608285)])', 'deque([(<aiohttp.client_proto.ResponseHandler object at 0x00000239F2183290>, 4133.1821039)])']
connector: <aiohttp.connector.TCPConnector object at 0x00000239F2166C40>
2025-05-21 15:44:08,302 INFO: Job "tarefa_agendada (trigger: interval[0:01:00], next run at: 2025-05-21 15:45:07 -03)" executed successfully
2025-05-21 15:44:08,918 ERROR: \U0001f4a5 Erro na execução geral: 'client_id'
2025-05-21 15:44:08,918 ERROR: Unclosed client session
client_session: <aiohttp.client.ClientSession object at 0x000001C6088791D0>
2025-05-21 15:44:08,919 ERROR: Unclosed connector
connections: ['deque([(<aiohttp.client_proto.ResponseHandler object at 0x000001C6089199D0>, 4133.3763502)])', 'deque([(<aiohttp.client_proto.ResponseHandler object at 0x000001C608919CD0>, 4133.8033217)])']
connector: <aiohttp.connector.TCPConnector object at 0x000001C6088EE060>
2025-05-21 15:44:08,923 INFO: Job "tarefa_agendada (trigger: interval[0:01:00], next run at: 2025-05-21 15:45:08 -03)" executed successfully
2025-05-21 15:45:07,376 INFO: Running job "tarefa_agendada (trigger: interval[0:01:00], next run at: 2025-05-21 15:46:07 -03)" (scheduled at 2025-05-21 15:45:07.374231-03:00)
2025-05-21 15:45:07,376 INFO: \u23f3 Executando tarefa agendada de verificação de ofertas...
2025-05-21 15:45:08,159 INFO: Running job "tarefa_agendada (trigger: interval[0:01:00], next run at: 2025-05-21 15:46:08 -03)" (scheduled at 2025-05-21 15:45:08.148950-03:00)
2025-05-21 15:45:08,160 INFO: \u23f3 Executando tarefa agendada de verificação de ofertas...
2025-05-21 15:45:08,208 ERROR: \U0001f4a5 Erro na execução geral: 'client_id'
2025-05-21 15:45:08,208 ERROR: Unclosed client session
client_session: <aiohttp.client.ClientSession object at 0x00000239F2171090>
2025-05-21 15:45:08,209 ERROR: Unclosed connector
connections: ['deque([(<aiohttp.client_proto.ResponseHandler object at 0x00000239F2209E50>, 4192.5565243)])', 'deque([(<aiohttp.client_proto.ResponseHandler object at 0x00000239F20E2E70>, 4193.0941395)])']
connector: <aiohttp.connector.TCPConnector object at 0x00000239F2166EA0>
2025-05-21 15:45:08,210 INFO: Job "tarefa_agendada (trigger: interval[0:01:00], next run at: 2025-05-21 15:46:07 -03)" executed successfully
2025-05-21 15:45:08,871 ERROR: \U0001f4a5 Erro na execução geral: 'client_id'
2025-05-21 15:45:08,871 ERROR: Unclosed client session
client_session: <aiohttp.client.ClientSession object at 0x000001C6088791D0>
2025-05-21 15:45:08,872 ERROR: Unclosed connector
connections: ['deque([(<aiohttp.client_proto.ResponseHandler object at 0x000001C608919490>, 4193.3098868)])', 'deque([(<aiohttp.client_proto.ResponseHandler object at 0x000001C608919790>, 4193.7562671)])']
connector: <aiohttp.connector.TCPConnector object at 0x000001C6088EEFD0>
2025-05-21 15:45:08,876 INFO: Job "tarefa_agendada (trigger: interval[0:01:00], next run at: 2025-05-21 15:46:08 -03)" executed successfully
2025-05-21 15:46:07,387 INFO: Running job "tarefa_agendada (trigger: interval[0:01:00], next run at: 2025-05-21 15:47:07 -03)" (scheduled at 2025-05-21 15:46:07.374231-03:00)
2025-05-21 15:46:07,387 INFO: \u23f3 Executando tarefa agendada de verificação de ofertas...
2025-05-21 15:46:08,151 INFO: Running job "tarefa_agendada (trigger: interval[0:01:00], next run at: 2025-05-21 15:47:08 -03)" (scheduled at 2025-05-21 15:46:08.148950-03:00)
2025-05-21 15:46:08,151 INFO: \u23f3 Executando tarefa agendada de verificação de ofertas...
2025-05-21 15:46:08,199 ERROR: \U0001f4a5 Erro na execução geral: 'client_id'
2025-05-21 15:46:08,203 ERROR: Unclosed client session
client_session: <aiohttp.client.ClientSession object at 0x00000239F2171090>
2025-05-21 15:46:08,203 ERROR: Unclosed connector
connections: ['deque([(<aiohttp.client_proto.ResponseHandler object at 0x00000239F22099D0>, 4252.547145)])', 'deque([(<aiohttp.client_proto.ResponseHandler object at 0x00000239F220A1B0>, 4253.0852847)])']
connector: <aiohttp.connector.TCPConnector object at 0x00000239F21662C0>
2025-05-21 15:46:08,205 INFO: Job "tarefa_agendada (trigger: interval[0:01:00], next run at: 2025-05-21 15:47:07 -03)" executed successfully
2025-05-21 15:46:08,860 ERROR: \U0001f4a5 Erro na execução geral: 'client_id'
2025-05-21 15:46:08,861 ERROR: Unclosed client session
client_session: <aiohttp.client.ClientSession object at 0x000001C6088791D0>
2025-05-21 15:46:08,862 ERROR: Unclosed connector
connections: ['deque([(<aiohttp.client_proto.ResponseHandler object at 0x000001C608918EF0>, 4253.2937837)])', 'deque([(<aiohttp.client_proto.ResponseHandler object at 0x000001C608918DD0>, 4253.7461524)])']
connector: <aiohttp.connector.TCPConnector object at 0x000001C6088EE3F0>
2025-05-21 15:46:08,866 INFO: Job "tarefa_agendada (trigger: interval[0:01:00], next run at: 2025-05-21 15:47:08 -03)" executed successfully
2025-05-21 15:47:07,390 INFO: Running job "tarefa_agendada (trigger: interval[0:01:00], next run at: 2025-05-21 15:48:07 -03)" (scheduled at 2025-05-21 15:47:07.374231-03:00)
2025-05-21 15:47:07,390 INFO: \u23f3 Executando tarefa agendada de verificação de ofertas...
2025-05-21 15:47:08,153 INFO: Running job "tarefa_agendada (trigger: interval[0:01:00], next run at: 2025-05-21 15:48:08 -03)" (scheduled at 2025-05-21 15:47:08.148950-03:00)
2025-05-21 15:47:08,153 INFO: \u23f3 Executando tarefa agendada de verificação de ofertas...
2025-05-21 15:47:08,252 ERROR: \U0001f4a5 Erro na execução geral: 'client_id'
2025-05-21 15:47:08,252 ERROR: Unclosed client session
client_session: <aiohttp.client.ClientSession object at 0x00000239F2171090>
2025-05-21 15:47:08,252 ERROR: Unclosed connector
connections: ['deque([(<aiohttp.client_proto.ResponseHandler object at 0x00000239F22097F0>, 4312.603467)])', 'deque([(<aiohttp.client_proto.ResponseHandler object at 0x00000239F2209C70>, 4313.1376137)])']
connector: <aiohttp.connector.TCPConnector object at 0x00000239F2166D70>
2025-05-21 15:47:08,253 INFO: Job "tarefa_agendada (trigger: interval[0:01:00], next run at: 2025-05-21 15:48:07 -03)" executed successfully
2025-05-21 15:47:08,933 ERROR: \U0001f4a5 Erro na execução geral: 'client_id'
2025-05-21 15:47:08,934 ERROR: Unclosed client session
client_session: <aiohttp.client.ClientSession object at 0x000001C6088791D0>
2025-05-21 15:47:08,935 ERROR: Unclosed connector
connections: ['deque([(<aiohttp.client_proto.ResponseHandler object at 0x000001C608918BF0>, 4313.3022278)])', 'deque([(<aiohttp.client_proto.ResponseHandler object at 0x000001C60891B170>, 4313.8189957)])']
connector: <aiohttp.connector.TCPConnector object at 0x000001C6088EE9E0>
2025-05-21 15:47:08,939 INFO: Job "tarefa_agendada (trigger: interval[0:01:00], next run at: 2025-05-21 15:48:08 -03)" executed successfully
2025-05-21 17:41:33,386 INFO: Adding job tentatively -- it will be properly scheduled when the scheduler starts
2025-05-21 17:41:33,387 INFO: Added job "tarefa_agendada" to job store "default"
2025-05-21 17:41:33,387 INFO: Scheduler started
2025-05-21 17:41:33,416 INFO: [31m[1mWARNING: This is a development server. Do not use it in a production deployment. Use a production WSGI server instead.[0m
 * Running on http://127.0.0.1:5000
2025-05-21 17:41:33,416 INFO: [33mPress CTRL+C to quit[0m
2025-05-21 17:41:33,419 INFO:  * Restarting with stat
2025-05-21 17:41:34,179 INFO: Adding job tentatively -- it will be properly scheduled when the scheduler starts
2025-05-21 17:41:34,180 INFO: Added job "tarefa_agendada" to job store "default"
2025-05-21 17:41:34,180 INFO: Scheduler started
2025-05-21 17:41:34,189 WARNING:  * Debugger is active!
2025-05-21 17:41:34,191 INFO:  * Debugger PIN: 115-492-161
2025-05-21 17:42:33,401 INFO: Running job "tarefa_agendada (trigger: interval[0:01:00], next run at: 2025-05-21 17:42:33 -03)" (scheduled at 2025-05-21 17:42:33.385943-03:00)
2025-05-21 17:42:33,402 INFO: \u23f3 Executando tarefa agendada de verificação de ofertas...
2025-05-21 17:42:34,183 INFO: Running job "tarefa_agendada (trigger: interval[0:01:00], next run at: 2025-05-21 17:42:34 -03)" (scheduled at 2025-05-21 17:42:34.179362-03:00)
2025-05-21 17:42:34,184 INFO: \u23f3 Executando tarefa agendada de verificação de ofertas...
2025-05-21 17:42:35,194 INFO: \u2705 Login efetuado com sucesso.
2025-05-21 17:42:35,258 INFO: \U0001f50d 1 ofertas pendentes encontradas.
2025-05-21 17:42:35,258 INFO: \U0001f50e Verificando oferta 8108121120...
2025-05-21 17:42:35,337 ERROR: \U0001f4a5 Erro na execução geral: 'access_token'
2025-05-21 17:42:35,337 ERROR: Unclosed client session
client_session: <aiohttp.client.ClientSession object at 0x000002211D71B230>
2025-05-21 17:42:35,338 ERROR: Unclosed connector
connections: ['deque([(<aiohttp.client_proto.ResponseHandler object at 0x000002211D7E4710>, 11239.3622626)])', 'deque([(<aiohttp.client_proto.ResponseHandler object at 0x000002211D72FAD0>, 11240.2223038)])']
connector: <aiohttp.connector.TCPConnector object at 0x000002211D71B380>
2025-05-21 17:42:35,342 INFO: Job "tarefa_agendada (trigger: interval[0:01:00], next run at: 2025-05-21 17:43:34 -03)" executed successfully
2025-05-21 17:42:35,491 INFO: \U0001f4cc Status atualizado: 8108121120 \u2192 pendente
2025-05-21 17:42:35,850 INFO: \u23f1\ufe0f Oferta expirada cancelada: 8108121120
2025-05-21 17:42:35,851 ERROR: Unclosed client session
client_session: <aiohttp.client.ClientSession object at 0x000001A60F603770>
2025-05-21 17:42:35,853 ERROR: Unclosed connector
connections: ['deque([(<aiohttp.client_proto.ResponseHandler object at 0x000001A60F612B10>, 11239.7760419)])', 'deque([(<aiohttp.client_proto.ResponseHandler object at 0x000001A60F6B1610>, 11240.0488267)])', 'deque([(<aiohttp.client_proto.ResponseHandler object at 0x000001A60F6B1910>, 11240.0548334)])', 'deque([(<aiohttp.client_proto.ResponseHandler object at 0x000001A60F6B14F0>, 11240.0784966)])', 'deque([(<aiohttp.client_proto.ResponseHandler object at 0x000001A60F6B13D0>, 11240.0791585)])', 'deque([(<aiohttp.client_proto.ResponseHandler object at 0x000001A60F6B0950>, 11240.3613106)])', 'deque([(<aiohttp.client_proto.ResponseHandler object at 0x000001A60F6129F0>, 11240.727158)])']
connector: <aiohttp.connector.TCPConnector object at 0x000001A60F6038C0>
2025-05-21 17:42:35,856 INFO: Job "tarefa_agendada (trigger: interval[0:01:00], next run at: 2025-05-21 17:43:33 -03)" executed successfully
2025-05-21 17:43:33,397 INFO: Running job "tarefa_agendada (trigger: interval[0:01:00], next run at: 2025-05-21 17:44:33 -03)" (scheduled at 2025-05-21 17:43:33.385943-03:00)
2025-05-21 17:43:33,398 INFO: \u23f3 Executando tarefa agendada de verificação de ofertas...
2025-05-21 17:43:34,190 INFO: Running job "tarefa_agendada (trigger: interval[0:01:00], next run at: 2025-05-21 17:44:34 -03)" (scheduled at 2025-05-21 17:43:34.179362-03:00)
2025-05-21 17:43:34,191 INFO: \u23f3 Executando tarefa agendada de verificação de ofertas...
2025-05-21 17:43:35,305 ERROR: \U0001f4a5 Erro na execução geral: 'access_token'
2025-05-21 17:43:35,306 ERROR: Unclosed client session
client_session: <aiohttp.client.ClientSession object at 0x000002211D7D1D10>
2025-05-21 17:43:35,307 ERROR: Unclosed connector
connections: ['deque([(<aiohttp.client_proto.ResponseHandler object at 0x000002211D72FAD0>, 11299.337347)])', 'deque([(<aiohttp.client_proto.ResponseHandler object at 0x000002211D72C830>, 11300.1910428)])']
connector: <aiohttp.connector.TCPConnector object at 0x000002211D7D1E50>
2025-05-21 17:43:35,311 INFO: Job "tarefa_agendada (trigger: interval[0:01:00], next run at: 2025-05-21 17:44:34 -03)" executed successfully
2025-05-21 17:43:35,312 INFO: \u2705 Login efetuado com sucesso.
2025-05-21 17:43:35,316 INFO: \U0001f50d 0 ofertas pendentes encontradas.
2025-05-21 17:43:35,317 ERROR: Unclosed client session
client_session: <aiohttp.client.ClientSession object at 0x000001A60F69F610>
2025-05-21 17:43:35,320 ERROR: Unclosed connector
connections: ['deque([(<aiohttp.client_proto.ResponseHandler object at 0x000001A60F613890>, 11299.5353501)])', 'deque([(<aiohttp.client_proto.ResponseHandler object at 0x000001A60F6B09B0>, 11299.8105404)])', 'deque([(<aiohttp.client_proto.ResponseHandler object at 0x000001A60F6102F0>, 11299.9955206)])', 'deque([(<aiohttp.client_proto.ResponseHandler object at 0x000001A60F6B3E30>, 11300.0797266)])', 'deque([(<aiohttp.client_proto.ResponseHandler object at 0x000001A60F6B3F50>, 11300.0900299)])', 'deque([(<aiohttp.client_proto.ResponseHandler object at 0x000001A60F6B3BF0>, 11300.1004731)])', 'deque([(<aiohttp.client_proto.ResponseHandler object at 0x000001A60F6B3D10>, 11300.1972973)])']
connector: <aiohttp.connector.TCPConnector object at 0x000001A60F69F750>
2025-05-21 17:43:35,322 INFO: Job "tarefa_agendada (trigger: interval[0:01:00], next run at: 2025-05-21 17:44:33 -03)" executed successfully
2025-05-21 17:44:33,387 INFO: Running job "tarefa_agendada (trigger: interval[0:01:00], next run at: 2025-05-21 17:45:33 -03)" (scheduled at 2025-05-21 17:44:33.385943-03:00)
2025-05-21 17:44:33,387 INFO: \u23f3 Executando tarefa agendada de verificação de ofertas...
2025-05-21 17:44:34,191 INFO: Running job "tarefa_agendada (trigger: interval[0:01:00], next run at: 2025-05-21 17:45:34 -03)" (scheduled at 2025-05-21 17:44:34.179362-03:00)
2025-05-21 17:44:34,191 INFO: \u23f3 Executando tarefa agendada de verificação de ofertas...
2025-05-21 17:44:35,388 ERROR: \U0001f4a5 Erro na execução geral: 'access_token'
2025-05-21 17:44:35,389 ERROR: Unclosed client session
client_session: <aiohttp.client.ClientSession object at 0x000002211D7D1A90>
2025-05-21 17:44:35,390 ERROR: Unclosed connector
connections: ['deque([(<aiohttp.client_proto.ResponseHandler object at 0x000002211D7E4D10>, 11359.343338)])', 'deque([(<aiohttp.client_proto.ResponseHandler object at 0x000002211D7E4A10>, 11360.2737873)])']
connector: <aiohttp.connector.TCPConnector object at 0x000002211D7D1D10>
2025-05-21 17:44:35,393 INFO: Job "tarefa_agendada (trigger: interval[0:01:00], next run at: 2025-05-21 17:45:34 -03)" executed successfully
2025-05-21 17:44:36,078 INFO: \u2705 Login efetuado com sucesso.
2025-05-21 17:44:36,079 INFO: \U0001f50d 0 ofertas pendentes encontradas.
2025-05-21 17:44:36,079 ERROR: Unclosed client session
client_session: <aiohttp.client.ClientSession object at 0x000001A60F69FB10>
2025-05-21 17:44:36,080 ERROR: Unclosed connector
connections: ['deque([(<aiohttp.client_proto.ResponseHandler object at 0x000001A60F6B3230>, 11359.4165945)])', 'deque([(<aiohttp.client_proto.ResponseHandler object at 0x000001A60F744770>, 11359.6928833)])', 'deque([(<aiohttp.client_proto.ResponseHandler object at 0x000001A60F6B3290>, 11359.8870195)])', 'deque([(<aiohttp.client_proto.ResponseHandler object at 0x000001A60F745250>, 11359.9588849)])', 'deque([(<aiohttp.client_proto.ResponseHandler object at 0x000001A60F745370>, 11359.9656269)])', 'deque([(<aiohttp.client_proto.ResponseHandler object at 0x000001A60F744BF0>, 11360.0829803)])', 'deque([(<aiohttp.client_proto.ResponseHandler object at 0x000001A60F744F50>, 11360.9633652)])']
connector: <aiohttp.connector.TCPConnector object at 0x000001A60F69F750>
2025-05-21 17:44:36,081 INFO: Job "tarefa_agendada (trigger: interval[0:01:00], next run at: 2025-05-21 17:45:33 -03)" executed successfully
2025-05-21 17:45:33,396 INFO: Running job "tarefa_agendada (trigger: interval[0:01:00], next run at: 2025-05-21 17:46:33 -03)" (scheduled at 2025-05-21 17:45:33.385943-03:00)
2025-05-21 17:45:33,397 INFO: \u23f3 Executando tarefa agendada de verificação de ofertas...
2025-05-21 17:45:34,195 INFO: Running job "tarefa_agendada (trigger: interval[0:01:00], next run at: 2025-05-21 17:46:34 -03)" (scheduled at 2025-05-21 17:45:34.179362-03:00)
2025-05-21 17:45:34,196 INFO: \u23f3 Executando tarefa agendada de verificação de ofertas...
2025-05-21 17:45:35,446 INFO: \u2705 Login efetuado com sucesso.
2025-05-21 17:45:35,450 INFO: \U0001f50d 0 ofertas pendentes encontradas.
2025-05-21 17:45:35,451 ERROR: Unclosed client session
client_session: <aiohttp.client.ClientSession object at 0x000001A60F69D1D0>
2025-05-21 17:45:35,453 ERROR: Unclosed connector
connections: ['deque([(<aiohttp.client_proto.ResponseHandler object at 0x000001A60F6102F0>, 11419.6617708)])', 'deque([(<aiohttp.client_proto.ResponseHandler object at 0x000001A60F6B33B0>, 11419.9658328)])', 'deque([(<aiohttp.client_proto.ResponseHandler object at 0x000001A60F744D10>, 11420.2347568)])', 'deque([(<aiohttp.client_proto.ResponseHandler object at 0x000001A60F744830>, 11420.2439115)])', 'deque([(<aiohttp.client_proto.ResponseHandler object at 0x000001A60F7446B0>, 11420.2648705)])', 'deque([(<aiohttp.client_proto.ResponseHandler object at 0x000001A60F612BD0>, 11420.2758827)])', 'deque([(<aiohttp.client_proto.ResponseHandler object at 0x000001A60F6B0A10>, 11420.3312845)])']
connector: <aiohttp.connector.TCPConnector object at 0x000001A60F693950>
2025-05-21 17:45:35,455 INFO: Job "tarefa_agendada (trigger: interval[0:01:00], next run at: 2025-05-21 17:46:33 -03)" executed successfully
2025-05-21 17:45:35,490 ERROR: \U0001f4a5 Erro na execução geral: 'access_token'
2025-05-21 17:45:35,490 ERROR: Unclosed client session
client_session: <aiohttp.client.ClientSession object at 0x000002211D7D1310>
2025-05-21 17:45:35,490 ERROR: Unclosed connector
connections: ['deque([(<aiohttp.client_proto.ResponseHandler object at 0x000002211D7E5130>, 11419.3487988)])', 'deque([(<aiohttp.client_proto.ResponseHandler object at 0x000002211D7E5190>, 11420.3756123)])']
connector: <aiohttp.connector.TCPConnector object at 0x000002211D7CA520>
2025-05-21 17:45:35,492 INFO: Job "tarefa_agendada (trigger: interval[0:01:00], next run at: 2025-05-21 17:46:34 -03)" executed successfully
2025-05-21 17:46:33,395 INFO: Running job "tarefa_agendada (trigger: interval[0:01:00], next run at: 2025-05-21 17:47:33 -03)" (scheduled at 2025-05-21 17:46:33.385943-03:00)
2025-05-21 17:46:33,395 INFO: \u23f3 Executando tarefa agendada de verificação de ofertas...
2025-05-21 17:46:34,190 INFO: Running job "tarefa_agendada (trigger: interval[0:01:00], next run at: 2025-05-21 17:47:34 -03)" (scheduled at 2025-05-21 17:46:34.179362-03:00)
2025-05-21 17:46:34,190 INFO: \u23f3 Executando tarefa agendada de verificação de ofertas...
2025-05-21 17:46:35,465 ERROR: \U0001f4a5 Erro na execução geral: 'access_token'
2025-05-21 17:46:35,465 ERROR: Unclosed client session
client_session: <aiohttp.client.ClientSession object at 0x000002211D7D1310>
2025-05-21 17:46:35,465 ERROR: Unclosed connector
connections: ['deque([(<aiohttp.client_proto.ResponseHandler object at 0x000002211D7E5670>, 11479.4560026)])', 'deque([(<aiohttp.client_proto.ResponseHandler object at 0x000002211D7E56D0>, 11480.3504486)])']
connector: <aiohttp.connector.TCPConnector object at 0x000002211D7CA8B0>
2025-05-21 17:46:35,466 INFO: Job "tarefa_agendada (trigger: interval[0:01:00], next run at: 2025-05-21 17:47:34 -03)" executed successfully
2025-05-21 17:46:35,550 INFO: \u2705 Login efetuado com sucesso.
2025-05-21 17:46:35,553 INFO: \U0001f50d 0 ofertas pendentes encontradas.
2025-05-21 17:46:35,554 ERROR: Unclosed client session
client_session: <aiohttp.client.ClientSession object at 0x000001A60F69D1D0>
2025-05-21 17:46:35,557 ERROR: Unclosed connector
connections: ['deque([(<aiohttp.client_proto.ResponseHandler object at 0x000001A60F6B3BF0>, 11479.5441637)])', 'deque([(<aiohttp.client_proto.ResponseHandler object at 0x000001A60F745A30>, 11479.8155758)])', 'deque([(<aiohttp.client_proto.ResponseHandler object at 0x000001A60F746630>, 11480.0928107)])', 'deque([(<aiohttp.client_proto.ResponseHandler object at 0x000001A60F746330>, 11480.111841)])', 'deque([(<aiohttp.client_proto.ResponseHandler object at 0x000001A60F746750>, 11480.1248455)])', 'deque([(<aiohttp.client_proto.ResponseHandler object at 0x000001A60F746210>, 11480.1828363)])', 'deque([(<aiohttp.client_proto.ResponseHandler object at 0x000001A60F6B3710>, 11480.4350386)])']
connector: <aiohttp.connector.TCPConnector object at 0x000001A60F693950>
2025-05-21 17:46:35,559 INFO: Job "tarefa_agendada (trigger: interval[0:01:00], next run at: 2025-05-21 17:47:33 -03)" executed successfully
2025-05-21 17:47:33,389 INFO: Running job "tarefa_agendada (trigger: interval[0:01:00], next run at: 2025-05-21 17:48:33 -03)" (scheduled at 2025-05-21 17:47:33.385943-03:00)
2025-05-21 17:47:33,390 INFO: \u23f3 Executando tarefa agendada de verificação de ofertas...
2025-05-21 17:47:34,163 ERROR: \U0001f4a5 Erro na execução geral: 'client_id'
2025-05-21 17:47:34,163 ERROR: Unclosed client session
client_session: <aiohttp.client.ClientSession object at 0x000001A60F69D1D0>
2025-05-21 17:47:34,163 ERROR: Unclosed connector
connections: ['deque([(<aiohttp.client_proto.ResponseHandler object at 0x000001A60F6B2990>, 11538.6147181)])', 'deque([(<aiohttp.client_proto.ResponseHandler object at 0x000001A60F612DB0>, 11539.0485516)])']
connector: <aiohttp.connector.TCPConnector object at 0x000001A60F693A80>
2025-05-21 17:47:34,165 INFO: Job "tarefa_agendada (trigger: interval[0:01:00], next run at: 2025-05-21 17:48:33 -03)" executed successfully
2025-05-21 17:47:34,182 INFO: Running job "tarefa_agendada (trigger: interval[0:01:00], next run at: 2025-05-21 17:48:34 -03)" (scheduled at 2025-05-21 17:47:34.179362-03:00)
2025-05-21 17:47:34,183 INFO: \u23f3 Executando tarefa agendada de verificação de ofertas...
2025-05-21 17:47:34,875 ERROR: \U0001f4a5 Erro na execução geral: 'client_id'
2025-05-21 17:47:34,876 ERROR: Unclosed client session
client_session: <aiohttp.client.ClientSession object at 0x000002211D7D1310>
2025-05-21 17:47:34,877 ERROR: Unclosed connector
connections: ['deque([(<aiohttp.client_proto.ResponseHandler object at 0x000002211D7E5BB0>, 11539.326222)])', 'deque([(<aiohttp.client_proto.ResponseHandler object at 0x000002211D7E5C10>, 11539.7609996)])']
connector: <aiohttp.connector.TCPConnector object at 0x000002211D7CAD70>
2025-05-21 17:47:34,881 INFO: Job "tarefa_agendada (trigger: interval[0:01:00], next run at: 2025-05-21 17:48:34 -03)" executed successfully
2025-05-21 17:48:33,391 INFO: Running job "tarefa_agendada (trigger: interval[0:01:00], next run at: 2025-05-21 17:49:33 -03)" (scheduled at 2025-05-21 17:48:33.385943-03:00)
2025-05-21 17:48:33,392 INFO: \u23f3 Executando tarefa agendada de verificação de ofertas...
2025-05-21 17:48:34,187 ERROR: \U0001f4a5 Erro na execução geral: 'client_id'
2025-05-21 17:48:34,187 ERROR: Unclosed client session
client_session: <aiohttp.client.ClientSession object at 0x000001A60F69D1D0>
2025-05-21 17:48:34,189 ERROR: Unclosed connector
connections: ['deque([(<aiohttp.client_proto.ResponseHandler object at 0x000001A60F746D50>, 11598.588139)])', 'deque([(<aiohttp.client_proto.ResponseHandler object at 0x000001A60F613AD0>, 11599.0726946)])']
connector: <aiohttp.connector.TCPConnector object at 0x000001A60F6935C0>
2025-05-21 17:48:34,192 INFO: Running job "tarefa_agendada (trigger: interval[0:01:00], next run at: 2025-05-21 17:49:34 -03)" (scheduled at 2025-05-21 17:48:34.179362-03:00)
2025-05-21 17:48:34,192 INFO: \u23f3 Executando tarefa agendada de verificação de ofertas...
2025-05-21 17:48:34,192 INFO: Job "tarefa_agendada (trigger: interval[0:01:00], next run at: 2025-05-21 17:49:33 -03)" executed successfully
2025-05-21 17:48:35,176 ERROR: \U0001f4a5 Erro na execução geral: 'client_id'
2025-05-21 17:48:35,177 ERROR: Unclosed client session
client_session: <aiohttp.client.ClientSession object at 0x000002211D7D1310>
2025-05-21 17:48:35,178 ERROR: Unclosed connector
connections: ['deque([(<aiohttp.client_proto.ResponseHandler object at 0x000002211D7E5FD0>, 11599.3611643)])', 'deque([(<aiohttp.client_proto.ResponseHandler object at 0x000002211D7E6150>, 11600.0616904)])']
connector: <aiohttp.connector.TCPConnector object at 0x000002211D7CA2C0>
2025-05-21 17:48:35,181 INFO: Job "tarefa_agendada (trigger: interval[0:01:00], next run at: 2025-05-21 17:49:34 -03)" executed successfully
2025-05-21 17:49:33,392 INFO: Running job "tarefa_agendada (trigger: interval[0:01:00], next run at: 2025-05-21 17:50:33 -03)" (scheduled at 2025-05-21 17:49:33.385943-03:00)
2025-05-21 17:49:33,392 INFO: \u23f3 Executando tarefa agendada de verificação de ofertas...
2025-05-21 17:49:34,183 INFO: Running job "tarefa_agendada (trigger: interval[0:01:00], next run at: 2025-05-21 17:50:34 -03)" (scheduled at 2025-05-21 17:49:34.179362-03:00)
2025-05-21 17:49:34,183 INFO: \u23f3 Executando tarefa agendada de verificação de ofertas...
2025-05-21 17:49:34,221 ERROR: \U0001f4a5 Erro na execução geral: 'client_id'
2025-05-21 17:49:34,221 ERROR: Unclosed client session
client_session: <aiohttp.client.ClientSession object at 0x000001A60F69D1D0>
2025-05-21 17:49:34,222 ERROR: Unclosed connector
connections: ['deque([(<aiohttp.client_proto.ResponseHandler object at 0x000001A60F747290>, 11658.5850649)])', 'deque([(<aiohttp.client_proto.ResponseHandler object at 0x000001A60F747410>, 11659.1064755)])']
connector: <aiohttp.connector.TCPConnector object at 0x000001A60F692C40>
2025-05-21 17:49:34,225 INFO: Job "tarefa_agendada (trigger: interval[0:01:00], next run at: 2025-05-21 17:50:33 -03)" executed successfully
2025-05-21 17:49:35,179 ERROR: \U0001f4a5 Erro na execução geral: 'client_id'
2025-05-21 17:49:35,179 ERROR: Unclosed client session
client_session: <aiohttp.client.ClientSession object at 0x000002211D7D1310>
2025-05-21 17:49:35,181 ERROR: Unclosed connector
connections: ['deque([(<aiohttp.client_proto.ResponseHandler object at 0x000002211D7E64B0>, 11659.3334721)])', 'deque([(<aiohttp.client_proto.ResponseHandler object at 0x000002211D7E6690>, 11660.0646364)])']
connector: <aiohttp.connector.TCPConnector object at 0x000002211D7CA520>
2025-05-21 17:49:35,184 INFO: Job "tarefa_agendada (trigger: interval[0:01:00], next run at: 2025-05-21 17:50:34 -03)" executed successfully
2025-05-21 17:50:33,401 INFO: Running job "tarefa_agendada (trigger: interval[0:01:00], next run at: 2025-05-21 17:51:33 -03)" (scheduled at 2025-05-21 17:50:33.385943-03:00)
2025-05-21 17:50:33,401 INFO: \u23f3 Executando tarefa agendada de verificação de ofertas...
2025-05-21 17:50:34,189 INFO: Running job "tarefa_agendada (trigger: interval[0:01:00], next run at: 2025-05-21 17:51:34 -03)" (scheduled at 2025-05-21 17:50:34.179362-03:00)
2025-05-21 17:50:34,190 INFO: \u23f3 Executando tarefa agendada de verificação de ofertas...
2025-05-21 17:50:34,400 ERROR: \U0001f4a5 Erro na execução geral: 'client_id'
2025-05-21 17:50:34,401 ERROR: Unclosed client session
client_session: <aiohttp.client.ClientSession object at 0x000001A60F69D1D0>
2025-05-21 17:50:34,402 ERROR: Unclosed connector
connections: ['deque([(<aiohttp.client_proto.ResponseHandler object at 0x000001A60F747770>, 11718.5733629)])', 'deque([(<aiohttp.client_proto.ResponseHandler object at 0x000001A60F610950>, 11719.2859395)])']
connector: <aiohttp.connector.TCPConnector object at 0x000001A60F693100>
2025-05-21 17:50:34,405 INFO: Job "tarefa_agendada (trigger: interval[0:01:00], next run at: 2025-05-21 17:51:33 -03)" executed successfully
2025-05-21 17:50:34,998 ERROR: \U0001f4a5 Erro na execução geral: 'client_id'
2025-05-21 17:50:34,999 ERROR: Unclosed client session
client_session: <aiohttp.client.ClientSession object at 0x000002211D7D1310>
2025-05-21 17:50:35,000 ERROR: Unclosed connector
connections: ['deque([(<aiohttp.client_proto.ResponseHandler object at 0x000002211D7E6A50>, 11719.4406476)])', 'deque([(<aiohttp.client_proto.ResponseHandler object at 0x000002211D7E6BD0>, 11719.8837874)])']
connector: <aiohttp.connector.TCPConnector object at 0x000002211D7C9E00>
2025-05-21 17:50:35,003 INFO: Job "tarefa_agendada (trigger: interval[0:01:00], next run at: 2025-05-21 17:51:34 -03)" executed successfully
2025-05-21 17:51:33,395 INFO: Running job "tarefa_agendada (trigger: interval[0:01:00], next run at: 2025-05-21 17:52:33 -03)" (scheduled at 2025-05-21 17:51:33.385943-03:00)
2025-05-21 17:51:33,396 INFO: \u23f3 Executando tarefa agendada de verificação de ofertas...
2025-05-21 17:51:34,185 ERROR: \U0001f4a5 Erro na execução geral: 'client_id'
2025-05-21 17:51:34,186 ERROR: Unclosed client session
client_session: <aiohttp.client.ClientSession object at 0x000001A60F69D1D0>
2025-05-21 17:51:34,186 ERROR: Unclosed connector
connections: ['deque([(<aiohttp.client_proto.ResponseHandler object at 0x000001A60F612BD0>, 11778.6046054)])', 'deque([(<aiohttp.client_proto.ResponseHandler object at 0x000001A60F612DB0>, 11779.0712221)])']
connector: <aiohttp.connector.TCPConnector object at 0x000001A60F693100>
2025-05-21 17:51:34,188 INFO: Job "tarefa_agendada (trigger: interval[0:01:00], next run at: 2025-05-21 17:52:33 -03)" executed successfully
2025-05-21 17:51:34,189 INFO: Running job "tarefa_agendada (trigger: interval[0:01:00], next run at: 2025-05-21 17:52:34 -03)" (scheduled at 2025-05-21 17:51:34.179362-03:00)
2025-05-21 17:51:34,189 INFO: \u23f3 Executando tarefa agendada de verificação de ofertas...
2025-05-21 17:51:34,878 ERROR: \U0001f4a5 Erro na execução geral: 'client_id'
2025-05-21 17:51:34,878 ERROR: Unclosed client session
client_session: <aiohttp.client.ClientSession object at 0x000002211D7D1310>
2025-05-21 17:51:34,879 ERROR: Unclosed connector
connections: ['deque([(<aiohttp.client_proto.ResponseHandler object at 0x000002211D7E6F30>, 11779.3543368)])', 'deque([(<aiohttp.client_proto.ResponseHandler object at 0x000002211D7E7110>, 11779.7633845)])']
connector: <aiohttp.connector.TCPConnector object at 0x000002211D7CA780>
2025-05-21 17:51:34,883 INFO: Job "tarefa_agendada (trigger: interval[0:01:00], next run at: 2025-05-21 17:52:34 -03)" executed successfully
2025-05-21 17:52:33,400 INFO: Running job "tarefa_agendada (trigger: interval[0:01:00], next run at: 2025-05-21 17:53:33 -03)" (scheduled at 2025-05-21 17:52:33.385943-03:00)
2025-05-21 17:52:33,401 INFO: \u23f3 Executando tarefa agendada de verificação de ofertas...
2025-05-21 17:52:34,186 INFO: Running job "tarefa_agendada (trigger: interval[0:01:00], next run at: 2025-05-21 17:53:34 -03)" (scheduled at 2025-05-21 17:52:34.179362-03:00)
2025-05-21 17:52:34,187 INFO: \u23f3 Executando tarefa agendada de verificação de ofertas...
2025-05-21 17:52:34,321 ERROR: \U0001f4a5 Erro na execução geral: 'client_id'
2025-05-21 17:52:34,321 ERROR: Unclosed client session
client_session: <aiohttp.client.ClientSession object at 0x000001A60F69D1D0>
2025-05-21 17:52:34,322 ERROR: Unclosed connector
connections: ['deque([(<aiohttp.client_proto.ResponseHandler object at 0x000001A60F6B37D0>, 11838.5755585)])', 'deque([(<aiohttp.client_proto.ResponseHandler object at 0x000001A60F612690>, 11839.2063343)])']
connector: <aiohttp.connector.TCPConnector object at 0x000001A60F693820>
2025-05-21 17:52:34,326 INFO: Job "tarefa_agendada (trigger: interval[0:01:00], next run at: 2025-05-21 17:53:33 -03)" executed successfully
2025-05-21 17:52:34,918 ERROR: \U0001f4a5 Erro na execução geral: 'client_id'
2025-05-21 17:52:34,918 ERROR: Unclosed client session
client_session: <aiohttp.client.ClientSession object at 0x000002211D7D1310>
2025-05-21 17:52:34,919 ERROR: Unclosed connector
connections: ['deque([(<aiohttp.client_proto.ResponseHandler object at 0x000002211D7E7470>, 11839.3225945)])', 'deque([(<aiohttp.client_proto.ResponseHandler object at 0x000002211D72C410>, 11839.8033932)])']
connector: <aiohttp.connector.TCPConnector object at 0x000002211D7CAEA0>
2025-05-21 17:52:34,923 INFO: Job "tarefa_agendada (trigger: interval[0:01:00], next run at: 2025-05-21 17:53:34 -03)" executed successfully
2025-05-21 17:53:33,387 INFO: Running job "tarefa_agendada (trigger: interval[0:01:00], next run at: 2025-05-21 17:54:33 -03)" (scheduled at 2025-05-21 17:53:33.385943-03:00)
2025-05-21 17:53:33,388 INFO: \u23f3 Executando tarefa agendada de verificação de ofertas...
2025-05-21 17:53:34,180 INFO: Running job "tarefa_agendada (trigger: interval[0:01:00], next run at: 2025-05-21 17:54:34 -03)" (scheduled at 2025-05-21 17:53:34.179362-03:00)
2025-05-21 17:53:34,181 INFO: \u23f3 Executando tarefa agendada de verificação de ofertas...
2025-05-21 17:53:34,372 ERROR: \U0001f4a5 Erro na execução geral: 'client_id'
2025-05-21 17:53:34,373 ERROR: Unclosed client session
client_session: <aiohttp.client.ClientSession object at 0x000001A60F69D1D0>
2025-05-21 17:53:34,374 ERROR: Unclosed connector
connections: ['deque([(<aiohttp.client_proto.ResponseHandler object at 0x000001A60F6B3EF0>, 11898.6329138)])', 'deque([(<aiohttp.client_proto.ResponseHandler object at 0x000001A60F6B0110>, 11899.2580998)])']
connector: <aiohttp.connector.TCPConnector object at 0x000001A60F6928B0>
2025-05-21 17:53:34,378 INFO: Job "tarefa_agendada (trigger: interval[0:01:00], next run at: 2025-05-21 17:54:33 -03)" executed successfully
2025-05-21 17:53:34,895 ERROR: \U0001f4a5 Erro na execução geral: 'client_id'
2025-05-21 17:53:34,895 ERROR: Unclosed client session
client_session: <aiohttp.client.ClientSession object at 0x000002211D7D1310>
2025-05-21 17:53:34,895 ERROR: Unclosed connector
connections: ['deque([(<aiohttp.client_proto.ResponseHandler object at 0x000002211D72FAD0>, 11899.3315011)])', 'deque([(<aiohttp.client_proto.ResponseHandler object at 0x000002211D72F110>, 11899.7809463)])']
connector: <aiohttp.connector.TCPConnector object at 0x000002211D7CAEA0>
2025-05-21 17:53:34,897 INFO: Job "tarefa_agendada (trigger: interval[0:01:00], next run at: 2025-05-21 17:54:34 -03)" executed successfully
2025-05-21 17:54:33,389 INFO: Running job "tarefa_agendada (trigger: interval[0:01:00], next run at: 2025-05-21 17:55:33 -03)" (scheduled at 2025-05-21 17:54:33.385943-03:00)
2025-05-21 17:54:33,390 INFO: \u23f3 Executando tarefa agendada de verificação de ofertas...
2025-05-21 17:54:34,190 INFO: Running job "tarefa_agendada (trigger: interval[0:01:00], next run at: 2025-05-21 17:55:34 -03)" (scheduled at 2025-05-21 17:54:34.179362-03:00)
2025-05-21 17:54:34,190 INFO: \u23f3 Executando tarefa agendada de verificação de ofertas...
2025-05-21 17:54:34,281 ERROR: \U0001f4a5 Erro na execução geral: 'client_id'
2025-05-21 17:54:34,281 ERROR: Unclosed client session
client_session: <aiohttp.client.ClientSession object at 0x000001A60F69D1D0>
2025-05-21 17:54:34,282 ERROR: Unclosed connector
connections: ['deque([(<aiohttp.client_proto.ResponseHandler object at 0x000001A60F747050>, 11958.5743013)])', 'deque([(<aiohttp.client_proto.ResponseHandler object at 0x000001A60F6102F0>, 11959.1662725)])']
connector: <aiohttp.connector.TCPConnector object at 0x000001A60F693BB0>
2025-05-21 17:54:34,286 INFO: Job "tarefa_agendada (trigger: interval[0:01:00], next run at: 2025-05-21 17:55:33 -03)" executed successfully
2025-05-21 17:54:34,864 ERROR: \U0001f4a5 Erro na execução geral: 'client_id'
2025-05-21 17:54:34,864 ERROR: Unclosed client session
client_session: <aiohttp.client.ClientSession object at 0x000002211D7D1310>
2025-05-21 17:54:34,865 ERROR: Unclosed connector
connections: ['deque([(<aiohttp.client_proto.ResponseHandler object at 0x000002211D7E6CF0>, 11959.3351554)])', 'deque([(<aiohttp.client_proto.ResponseHandler object at 0x000002211D72F890>, 11959.7499447)])']
connector: <aiohttp.connector.TCPConnector object at 0x000002211D7CAFD0>
2025-05-21 17:54:34,866 INFO: Job "tarefa_agendada (trigger: interval[0:01:00], next run at: 2025-05-21 17:55:34 -03)" executed successfully
2025-05-21 17:55:33,392 INFO: Running job "tarefa_agendada (trigger: interval[0:01:00], next run at: 2025-05-21 17:56:33 -03)" (scheduled at 2025-05-21 17:55:33.385943-03:00)
2025-05-21 17:55:33,392 INFO: \u23f3 Executando tarefa agendada de verificação de ofertas...
2025-05-21 17:55:34,182 ERROR: \U0001f4a5 Erro na execução geral: 'client_id'
2025-05-21 17:55:34,182 ERROR: Unclosed client session
client_session: <aiohttp.client.ClientSession object at 0x000001A60F69D1D0>
2025-05-21 17:55:34,182 ERROR: Unclosed connector
connections: ['deque([(<aiohttp.client_proto.ResponseHandler object at 0x000001A60F746D50>, 12018.5753593)])', 'deque([(<aiohttp.client_proto.ResponseHandler object at 0x000001A60F746E70>, 12019.0678895)])']
connector: <aiohttp.connector.TCPConnector object at 0x000001A60F693950>
2025-05-21 17:55:34,184 INFO: Job "tarefa_agendada (trigger: interval[0:01:00], next run at: 2025-05-21 17:56:33 -03)" executed successfully
2025-05-21 17:55:34,185 INFO: Running job "tarefa_agendada (trigger: interval[0:01:00], next run at: 2025-05-21 17:56:34 -03)" (scheduled at 2025-05-21 17:55:34.179362-03:00)
2025-05-21 17:55:34,185 INFO: \u23f3 Executando tarefa agendada de verificação de ofertas...
2025-05-21 17:55:34,848 ERROR: \U0001f4a5 Erro na execução geral: 'client_id'
2025-05-21 17:55:34,848 ERROR: Unclosed client session
client_session: <aiohttp.client.ClientSession object at 0x000002211D7D1310>
2025-05-21 17:55:34,848 ERROR: Unclosed connector
connections: ['deque([(<aiohttp.client_proto.ResponseHandler object at 0x000002211D7E66F0>, 12019.3206822)])', 'deque([(<aiohttp.client_proto.ResponseHandler object at 0x000002211D7E6B10>, 12019.733861)])']
connector: <aiohttp.connector.TCPConnector object at 0x000002211D7CAD70>
2025-05-21 17:55:34,849 INFO: Job "tarefa_agendada (trigger: interval[0:01:00], next run at: 2025-05-21 17:56:34 -03)" executed successfully
2025-05-21 17:56:33,387 INFO: Running job "tarefa_agendada (trigger: interval[0:01:00], next run at: 2025-05-21 17:57:33 -03)" (scheduled at 2025-05-21 17:56:33.385943-03:00)
2025-05-21 17:56:33,388 INFO: \u23f3 Executando tarefa agendada de verificação de ofertas...
2025-05-21 17:56:34,148 ERROR: \U0001f4a5 Erro na execução geral: 'client_id'
2025-05-21 17:56:34,148 ERROR: Unclosed client session
client_session: <aiohttp.client.ClientSession object at 0x000001A60F69D1D0>
2025-05-21 17:56:34,149 ERROR: Unclosed connector
connections: ['deque([(<aiohttp.client_proto.ResponseHandler object at 0x000001A60F745BB0>, 12078.5882943)])', 'deque([(<aiohttp.client_proto.ResponseHandler object at 0x000001A60F7467B0>, 12079.0332395)])']
connector: <aiohttp.connector.TCPConnector object at 0x000001A60F693230>
2025-05-21 17:56:34,153 INFO: Job "tarefa_agendada (trigger: interval[0:01:00], next run at: 2025-05-21 17:57:33 -03)" executed successfully
2025-05-21 17:56:34,181 INFO: Running job "tarefa_agendada (trigger: interval[0:01:00], next run at: 2025-05-21 17:57:34 -03)" (scheduled at 2025-05-21 17:56:34.179362-03:00)
2025-05-21 17:56:34,182 INFO: \u23f3 Executando tarefa agendada de verificação de ofertas...
2025-05-21 17:56:35,419 ERROR: \U0001f4a5 Erro na execução geral: 'client_id'
2025-05-21 17:56:35,419 ERROR: Unclosed client session
client_session: <aiohttp.client.ClientSession object at 0x000002211D7D1310>
2025-05-21 17:56:35,420 ERROR: Unclosed connector
connections: ['deque([(<aiohttp.client_proto.ResponseHandler object at 0x000002211D7E61B0>, 12079.3179785)])', 'deque([(<aiohttp.client_proto.ResponseHandler object at 0x000002211D7E6630>, 12080.3043856)])']
connector: <aiohttp.connector.TCPConnector object at 0x000002211D7CAC40>
2025-05-21 17:56:35,424 INFO: Job "tarefa_agendada (trigger: interval[0:01:00], next run at: 2025-05-21 17:57:34 -03)" executed successfully
2025-05-21 17:57:33,393 INFO: Running job "tarefa_agendada (trigger: interval[0:01:00], next run at: 2025-05-21 17:58:33 -03)" (scheduled at 2025-05-21 17:57:33.385943-03:00)
2025-05-21 17:57:33,393 INFO: \u23f3 Executando tarefa agendada de verificação de ofertas...
2025-05-21 17:57:34,183 INFO: Running job "tarefa_agendada (trigger: interval[0:01:00], next run at: 2025-05-21 17:58:34 -03)" (scheduled at 2025-05-21 17:57:34.179362-03:00)
2025-05-21 17:57:34,184 INFO: \u23f3 Executando tarefa agendada de verificação de ofertas...
2025-05-21 17:57:37,643 ERROR: \U0001f4a5 Erro na execução geral: 'client_id'
2025-05-21 17:57:37,644 ERROR: Unclosed client session
client_session: <aiohttp.client.ClientSession object at 0x000002211D7D1310>
2025-05-21 17:57:37,644 ERROR: Unclosed connector
connections: ['deque([(<aiohttp.client_proto.ResponseHandler object at 0x000002211D7E5CD0>, 12139.4351425)])', 'deque([(<aiohttp.client_proto.ResponseHandler object at 0x000002211D7E60F0>, 12142.5291713)])']
connector: <aiohttp.connector.TCPConnector object at 0x000002211D7CA3F0>
2025-05-21 17:57:37,646 INFO: Job "tarefa_agendada (trigger: interval[0:01:00], next run at: 2025-05-21 17:58:34 -03)" executed successfully
2025-05-21 17:57:38,116 ERROR: \U0001f4a5 Erro na execução geral: 'client_id'
2025-05-21 17:57:38,116 ERROR: Unclosed client session
client_session: <aiohttp.client.ClientSession object at 0x000001A60F69D1D0>
2025-05-21 17:57:38,117 ERROR: Unclosed connector
connections: ['deque([(<aiohttp.client_proto.ResponseHandler object at 0x000001A60F746B70>, 12142.4205176)])', 'deque([(<aiohttp.client_proto.ResponseHandler object at 0x000001A60F7468D0>, 12143.0020389)])']
connector: <aiohttp.connector.TCPConnector object at 0x000001A60F693490>
2025-05-21 17:57:38,118 INFO: Job "tarefa_agendada (trigger: interval[0:01:00], next run at: 2025-05-21 17:58:33 -03)" executed successfully
2025-05-21 17:57:55,370 INFO: 127.0.0.1 - - [21/May/2025 17:57:55] "GET / HTTP/1.1" 200 -
